../Core/Src/tim.c:46:6:MX_TIM1_Init	32	static
../Core/Src/tim.c:87:6:MX_TIM2_Init	32	static
../Core/Src/tim.c:127:6:MX_TIM3_Init	32	static
../Core/Src/tim.c:167:6:MX_TIM4_Init	48	static
../Core/Src/tim.c:240:6:MX_TIM5_Init	64	static
../Core/Src/tim.c:294:6:HAL_TIM_Base_MspInit	64	static
../Core/Src/tim.c:407:6:HAL_TIM_MspPostInit	40	static
../Core/Src/tim.c:433:6:HAL_TIM_Base_MspDeInit	16	static
../Core/Src/tim.c:518:6:HAL_TIM_PeriodElapsedCallback	16	static
../Core/Src/tim.c:523:6:HAL_TIM_IC_CaptureCallback	16	static
../Core/Src/tim.c:551:6:PWM_Hal_Test	8	static
../Core/Src/tim.c:558:6:PWMCapture_DMA_Hal_Test	32	static
