Archive member included to satisfy reference by file (symbol)

c:/progra~2/gnuarm~1/102021~1.10/bin/../lib/gcc/arm-none-eabi/10.3.1/../../../../arm-none-eabi/lib/thumb/v7-m/nofp\libc_nano.a(lib_a-exit.o)
                              c:/progra~2/gnuarm~1/102021~1.10/bin/../lib/gcc/arm-none-eabi/10.3.1/../../../../arm-none-eabi/lib/thumb/v7-m/nofp/crt0.o (exit)
c:/progra~2/gnuarm~1/102021~1.10/bin/../lib/gcc/arm-none-eabi/10.3.1/../../../../arm-none-eabi/lib/thumb/v7-m/nofp\libc_nano.a(lib_a-impure.o)
                              c:/progra~2/gnuarm~1/102021~1.10/bin/../lib/gcc/arm-none-eabi/10.3.1/../../../../arm-none-eabi/lib/thumb/v7-m/nofp\libc_nano.a(lib_a-exit.o) (_global_impure_ptr)
c:/progra~2/gnuarm~1/102021~1.10/bin/../lib/gcc/arm-none-eabi/10.3.1/../../../../arm-none-eabi/lib/thumb/v7-m/nofp\libc_nano.a(lib_a-init.o)
                              c:/progra~2/gnuarm~1/102021~1.10/bin/../lib/gcc/arm-none-eabi/10.3.1/../../../../arm-none-eabi/lib/thumb/v7-m/nofp/crt0.o (__libc_init_array)
c:/progra~2/gnuarm~1/102021~1.10/bin/../lib/gcc/arm-none-eabi/10.3.1/../../../../arm-none-eabi/lib/thumb/v7-m/nofp\libc_nano.a(lib_a-memset.o)
                              c:/progra~2/gnuarm~1/102021~1.10/bin/../lib/gcc/arm-none-eabi/10.3.1/../../../../arm-none-eabi/lib/thumb/v7-m/nofp/crt0.o (memset)
c:/progra~2/gnuarm~1/102021~1.10/bin/../lib/gcc/arm-none-eabi/10.3.1/thumb/v7-m/nofp\libgcc.a(_arm_mulsf3.o)
                              CMakeFiles/template.dir/Core/Src/tim.c.obj (__aeabi_fmul)
c:/progra~2/gnuarm~1/102021~1.10/bin/../lib/gcc/arm-none-eabi/10.3.1/thumb/v7-m/nofp\libgcc.a(_arm_addsubdf3.o)
                              CMakeFiles/template.dir/Core/Src/tim.c.obj (__aeabi_f2d)
c:/progra~2/gnuarm~1/102021~1.10/bin/../lib/gcc/arm-none-eabi/10.3.1/thumb/v7-m/nofp\libgcc.a(_arm_addsubsf3.o)
                              CMakeFiles/template.dir/Core/Src/tim.c.obj (__aeabi_fsub)
c:/progra~2/gnuarm~1/102021~1.10/bin/../lib/gcc/arm-none-eabi/10.3.1/thumb/v7-m/nofp\libgcc.a(_arm_muldivsf3.o)
                              CMakeFiles/template.dir/Core/Src/tim.c.obj (__aeabi_fdiv)
c:/progra~2/gnuarm~1/102021~1.10/bin/../lib/gcc/arm-none-eabi/10.3.1/../../../../arm-none-eabi/lib/thumb/v7-m/nofp\libg_nano.a(lib_a-errno.o)
                              CMakeFiles/template.dir/Core/Src/sysmem.c.obj (__errno)
c:/progra~2/gnuarm~1/102021~1.10/bin/../lib/gcc/arm-none-eabi/10.3.1/../../../../arm-none-eabi/lib/thumb/v7-m/nofp\libg_nano.a(lib_a-memcmp.o)
                              CMakeFiles/template.dir/Core/Src/i2c.c.obj (memcmp)
c:/progra~2/gnuarm~1/102021~1.10/bin/../lib/gcc/arm-none-eabi/10.3.1/../../../../arm-none-eabi/lib/thumb/v7-m/nofp\libg_nano.a(lib_a-memcpy-stub.o)
                              CMakeFiles/template.dir/USB_DEVICE/App/usb_device.c.obj (memcpy)
c:/progra~2/gnuarm~1/102021~1.10/bin/../lib/gcc/arm-none-eabi/10.3.1/../../../../arm-none-eabi/lib/thumb/v7-m/nofp\libg_nano.a(lib_a-printf.o)
                              CMakeFiles/template.dir/Core/Src/adc.c.obj (printf)
c:/progra~2/gnuarm~1/102021~1.10/bin/../lib/gcc/arm-none-eabi/10.3.1/../../../../arm-none-eabi/lib/thumb/v7-m/nofp\libg_nano.a(lib_a-putchar.o)
                              CMakeFiles/template.dir/Core/Src/adc.c.obj (putchar)
c:/progra~2/gnuarm~1/102021~1.10/bin/../lib/gcc/arm-none-eabi/10.3.1/../../../../arm-none-eabi/lib/thumb/v7-m/nofp\libg_nano.a(lib_a-puts.o)
                              CMakeFiles/template.dir/Core/Src/main.c.obj (puts)
c:/progra~2/gnuarm~1/102021~1.10/bin/../lib/gcc/arm-none-eabi/10.3.1/../../../../arm-none-eabi/lib/thumb/v7-m/nofp\libg_nano.a(lib_a-vsnprintf.o)
                              CMakeFiles/template.dir/USB_DEVICE/App/usb_device.c.obj (vsnprintf)
c:/progra~2/gnuarm~1/102021~1.10/bin/../lib/gcc/arm-none-eabi/10.3.1/../../../../arm-none-eabi/lib/thumb/v7-m/nofp\libg_nano.a(lib_a-wbuf.o)
                              c:/progra~2/gnuarm~1/102021~1.10/bin/../lib/gcc/arm-none-eabi/10.3.1/../../../../arm-none-eabi/lib/thumb/v7-m/nofp\libg_nano.a(lib_a-puts.o) (__swbuf_r)
c:/progra~2/gnuarm~1/102021~1.10/bin/../lib/gcc/arm-none-eabi/10.3.1/../../../../arm-none-eabi/lib/thumb/v7-m/nofp\libg_nano.a(lib_a-wsetup.o)
                              c:/progra~2/gnuarm~1/102021~1.10/bin/../lib/gcc/arm-none-eabi/10.3.1/../../../../arm-none-eabi/lib/thumb/v7-m/nofp\libg_nano.a(lib_a-puts.o) (__swsetup_r)
c:/progra~2/gnuarm~1/102021~1.10/bin/../lib/gcc/arm-none-eabi/10.3.1/../../../../arm-none-eabi/lib/thumb/v7-m/nofp\libg_nano.a(lib_a-fflush.o)
                              c:/progra~2/gnuarm~1/102021~1.10/bin/../lib/gcc/arm-none-eabi/10.3.1/../../../../arm-none-eabi/lib/thumb/v7-m/nofp\libg_nano.a(lib_a-wbuf.o) (_fflush_r)
c:/progra~2/gnuarm~1/102021~1.10/bin/../lib/gcc/arm-none-eabi/10.3.1/../../../../arm-none-eabi/lib/thumb/v7-m/nofp\libg_nano.a(lib_a-findfp.o)
[...]
Memory Configuration

Name             Origin             Length             Attributes
RAM              0x20000000         0x00010000         xrw
FLASH            0x08000000         0x00080000         xr
*default*        0x00000000         0xffffffff

Linker script and memory map

LOAD c:/progra~2/gnuarm~1/102021~1.10/bin/../lib/gcc/arm-none-eabi/10.3.1/thumb/v7-m/nofp/crti.o
LOAD c:/progra~2/gnuarm~1/102021~1.10/bin/../lib/gcc/arm-none-eabi/10.3.1/thumb/v7-m/nofp/crtbegin.o
LOAD c:/progra~2/gnuarm~1/102021~1.10/bin/../lib/gcc/arm-none-eabi/10.3.1/../../../../arm-none-eabi/lib/thumb/v7-m/nofp/crt0.o
START GROUP
LOAD c:/progra~2/gnuarm~1/102021~1.10/bin/../lib/gcc/arm-none-eabi/10.3.1/../../../../arm-none-eabi/lib/thumb/v7-m/nofp\libc_nano.a
LOAD c:/progra~2/gnuarm~1/102021~1.10/bin/../lib/gcc/arm-none-eabi/10.3.1/../../../../arm-none-eabi/lib/thumb/v7-m/nofp\libm.a
END GROUP
LOAD CMakeFiles/template.dir/Core/Src/main.c.obj
LOAD CMakeFiles/template.dir/Core/Src/gpio.c.obj
LOAD CMakeFiles/template.dir/Core/Src/adc.c.obj
LOAD CMakeFiles/template.dir/Core/Src/crc.c.obj
LOAD CMakeFiles/template.dir/Core/Src/dac.c.obj
LOAD CMakeFiles/template.dir/Core/Src/dma.c.obj
LOAD CMakeFiles/template.dir/Core/Src/i2c.c.obj
LOAD CMakeFiles/template.dir/Core/Src/iwdg.c.obj
LOAD CMakeFiles/template.dir/Core/Src/rtc.c.obj
LOAD CMakeFiles/template.dir/Core/Src/spi.c.obj
LOAD CMakeFiles/template.dir/Core/Src/tim.c.obj
LOAD CMakeFiles/template.dir/Core/Src/usart.c.obj
LOAD CMakeFiles/template.dir/Core/Src/stm32f1xx_it.c.obj
LOAD CMakeFiles/template.dir/Core/Src/stm32f1xx_hal_msp.c.obj
LOAD CMakeFiles/template.dir/USB_DEVICE/App/usb_device.c.obj
LOAD CMakeFiles/template.dir/USB_DEVICE/App/usbd_desc.c.obj
LOAD CMakeFiles/template.dir/USB_DEVICE/App/usbd_cdc_if.c.obj
LOAD CMakeFiles/template.dir/USB_DEVICE/Target/usbd_conf.c.obj
LOAD CMakeFiles/template.dir/Drivers/STM32F1xx_HAL_Driver/Src/stm32f1xx_hal_gpio_ex.c.obj
LOAD CMakeFiles/template.dir/Drivers/STM32F1xx_HAL_Driver/Src/stm32f1xx_hal_pcd.c.obj
LOAD CMakeFiles/template.dir/Drivers/STM32F1xx_HAL_Driver/Src/stm32f1xx_hal_pcd_ex.c.obj
LOAD CMakeFiles/template.dir/Drivers/STM32F1xx_HAL_Driver/Src/stm32f1xx_ll_usb.c.obj
LOAD CMakeFiles/template.dir/Drivers/STM32F1xx_HAL_Driver/Src/stm32f1xx_hal.c.obj
LOAD CMakeFiles/template.dir/Drivers/STM32F1xx_HAL_Driver/Src/stm32f1xx_hal_rcc.c.obj
LOAD CMakeFiles/template.dir/Drivers/STM32F1xx_HAL_Driver/Src/stm32f1xx_hal_rcc_ex.c.obj
LOAD CMakeFiles/template.dir/Drivers/STM32F1xx_HAL_Driver/Src/stm32f1xx_hal_gpio.c.obj
LOAD CMakeFiles/template.dir/Drivers/STM32F1xx_HAL_Driver/Src/stm32f1xx_hal_dma.c.obj
LOAD CMakeFiles/template.dir/Drivers/STM32F1xx_HAL_Driver/Src/stm32f1xx_hal_cortex.c.obj
LOAD CMakeFiles/template.dir/Drivers/STM32F1xx_HAL_Driver/Src/stm32f1xx_hal_pwr.c.obj
LOAD CMakeFiles/template.dir/Drivers/STM32F1xx_HAL_Driver/Src/stm32f1xx_hal_flash.c.obj
LOAD CMakeFiles/template.dir/Drivers/STM32F1xx_HAL_Driver/Src/stm32f1xx_hal_flash_ex.c.obj
LOAD CMakeFiles/template.dir/Drivers/STM32F1xx_HAL_Driver/Src/stm32f1xx_hal_exti.c.obj
LOAD CMakeFiles/template.dir/Drivers/STM32F1xx_HAL_Driver/Src/stm32f1xx_hal_adc.c.obj
LOAD CMakeFiles/template.dir/Drivers/STM32F1xx_HAL_Driver/Src/stm32f1xx_hal_adc_ex.c.obj
LOAD CMakeFiles/template.dir/Drivers/STM32F1xx_HAL_Driver/Src/stm32f1xx_hal_crc.c.obj
LOAD CMakeFiles/template.dir/Drivers/STM32F1xx_HAL_Driver/Src/stm32f1xx_hal_dac.c.obj
LOAD CMakeFiles/template.dir/Drivers/STM32F1xx_HAL_Driver/Src/stm32f1xx_hal_dac_ex.c.obj
LOAD CMakeFiles/template.dir/Drivers/STM32F1xx_HAL_Driver/Src/stm32f1xx_hal_i2c.c.obj
LOAD CMakeFiles/template.dir/Drivers/STM32F1xx_HAL_Driver/Src/stm32f1xx_hal_iwdg.c.obj
LOAD CMakeFiles/template.dir/Drivers/STM32F1xx_HAL_Driver/Src/stm32f1xx_hal_rtc.c.obj
LOAD CMakeFiles/template.dir/Drivers/STM32F1xx_HAL_Driver/Src/stm32f1xx_hal_rtc_ex.c.obj
LOAD CMakeFiles/template.dir/Drivers/STM32F1xx_HAL_Driver/Src/stm32f1xx_hal_spi.c.obj
LOAD CMakeFiles/template.dir/Drivers/STM32F1xx_HAL_Driver/Src/stm32f1xx_hal_tim.c.obj
LOAD CMakeFiles/template.dir/Drivers/STM32F1xx_HAL_Driver/Src/stm32f1xx_hal_tim_ex.c.obj
LOAD CMakeFiles/template.dir/Drivers/STM32F1xx_HAL_Driver/Src/stm32f1xx_hal_uart.c.obj
LOAD CMakeFiles/template.dir/Core/Src/system_stm32f1xx.c.obj
LOAD CMakeFiles/template.dir/Middlewares/ST/STM32_USB_Device_Library/Core/Src/usbd_core.c.obj
LOAD CMakeFiles/template.dir/Middlewares/ST/STM32_USB_Device_Library/Core/Src/usbd_ctlreq.c.obj
LOAD CMakeFiles/template.dir/Middlewares/ST/STM32_USB_Device_Library/Core/Src/usbd_ioreq.c.obj
LOAD CMakeFiles/template.dir/Middlewares/ST/STM32_USB_Device_Library/Class/CDC/Src/usbd_cdc.c.obj
LOAD CMakeFiles/template.dir/Core/Src/sysmem.c.obj
LOAD CMakeFiles/template.dir/Core/Src/syscalls.c.obj
LOAD CMakeFiles/template.dir/startup_stm32f103xe.s.obj
START GROUP
LOAD c:/progra~2/gnuarm~1/102021~1.10/bin/../lib/gcc/arm-none-eabi/10.3.1/thumb/v7-m/nofp\libgcc.a
LOAD c:/progra~2/gnuarm~1/102021~1.10/bin/../lib/gcc/arm-none-eabi/10.3.1/../../../../arm-none-eabi/lib/thumb/v7-m/nofp\libg_nano.a
LOAD c:/progra~2/gnuarm~1/102021~1.10/bin/../lib/gcc/arm-none-eabi/10.3.1/../../../../arm-none-eabi/lib/thumb/v7-m/nofp\libc_nano.a
END GROUP
START GROUP
LOAD c:/progra~2/gnuarm~1/102021~1.10/bin/../lib/gcc/arm-none-eabi/10.3.1/thumb/v7-m/nofp\libgcc.a
LOAD c:/progra~2/gnuarm~1/102021~1.10/bin/../lib/gcc/arm-none-eabi/10.3.1/../../../../arm-none-eabi/lib/thumb/v7-m/nofp\libc_nano.a
END GROUP
LOAD c:/progra~2/gnuarm~1/102021~1.10/bin/../lib/gcc/arm-none-eabi/10.3.1/thumb/v7-m/nofp/crtend.o
LOAD c:/progra~2/gnuarm~1/102021~1.10/bin/../lib/gcc/arm-none-eabi/10.3.1/thumb/v7-m/nofp/crtn.o
                0x20010000                _estack = (ORIGIN (RAM) + LENGTH (RAM))
                0x00000200                _Min_Heap_Size = 0x200
                0x00000400                _Min_Stack_Size = 0x400

.isr_vector     0x08000000      0x1e4
                0x08000000                . = ALIGN (0x4)
 *(.isr_vector)
 .isr_vector    0x08000000      0x1e4 CMakeFiles/template.dir/startup_stm32f103xe.s.obj
                0x08000000                g_pfnVectors
                0x080001e4                . = ALIGN (0x4)

.text           0x080001e4     0xf304
                0x080001e4                . = ALIGN (0x4)
 *(.text)
 .text          0x080001e4       0x40 c:/progra~2/gnuarm~1/102021~1.10/bin/../lib/gcc/arm-none-eabi/10.3.1/thumb/v7-m/nofp/crtbegin.o
 .text          0x08000224      0x378 c:/progra~2/gnuarm~1/102021~1.10/bin/../lib/gcc/arm-none-eabi/10.3.1/thumb/v7-m/nofp\libgcc.a(_arm_addsubdf3.o)
                0x08000224                __aeabi_drsub
                0x0800022c                __aeabi_dsub
                0x0800022c                __subdf3
                0x08000230                __aeabi_dadd
                0x08000230                __adddf3
                0x080004a8                __floatunsidf
                0x080004a8                __aeabi_ui2d
                0x080004c8                __floatsidf
                0x080004c8                __aeabi_i2d
                0x080004ec                __aeabi_f2d
                0x080004ec                __extendsfdf2
                0x08000530                __floatundidf
                0x08000530                __aeabi_ul2d
                0x08000540                __floatdidf
                0x08000540                __aeabi_l2d
 .text          0x0800059c      0x21c c:/progra~2/gnuarm~1/102021~1.10/bin/../lib/gcc/arm-none-eabi/10.3.1/thumb/v7-m/nofp\libgcc.a(_arm_addsubsf3.o)
                0x0800059c                __aeabi_frsub
                0x080005a4                __subsf3
                0x080005a4                __aeabi_fsub
                0x080005a8                __aeabi_fadd
                0x080005a8                __addsf3
                0x08000708                __aeabi_ui2f
                0x08000708                __floatunsisf
                0x08000710                __aeabi_i2f
                0x08000710                __floatsisf
                0x0800072c                __aeabi_ul2f
                0x0800072c                __floatundisf
                0x0800073c                __aeabi_l2f
                0x0800073c                __floatdisf
 .text          0x080007b8      0x2a0 c:/progra~2/gnuarm~1/102021~1.10/bin/../lib/gcc/arm-none-eabi/10.3.1/thumb/v7-m/nofp\libgcc.a(_arm_muldivsf3.o)
                0x080007b8                __mulsf3
                0x080007b8                __aeabi_fmul
                0x08000920                __aeabi_fdiv
                0x08000920                __divsf3
 *(.text*)
 .text.__libc_init_array
                0x08000a58       0x48 c:/progra~2/gnuarm~1/102021~1.10/bin/../lib/gcc/arm-none-eabi/10.3.1/../../../../arm-none-eabi/lib/thumb/v7-m/nofp\libc_nano.a(lib_a-init.o)
                0x08000a58                __libc_init_array
 .text.memset   0x08000aa0       0x10 c:/progra~2/gnuarm~1/102021~1.10/bin/../lib/gcc/arm-none-eabi/10.3.1/../../../../arm-none-eabi/lib/thumb/v7-m/nofp\libc_nano.a(lib_a-memset.o)
                0x08000aa0                memset
 .text.main     0x08000ab0       0x74 CMakeFiles/template.dir/Core/Src/main.c.obj
                0x08000ab0                main
 .text.SystemClock_Config
                0x08000b24       0xcc CMakeFiles/template.dir/Core/Src/main.c.obj
                0x08000b24                SystemClock_Config
 .text.Error_Handler
                0x08000bf0        0xa CMakeFiles/template.dir/Core/Src/main.c.obj
                0x08000bf0                Error_Handler
 *fill*         0x08000bfa        0x2 
 .text.HAL_GPIO_EXTI_Callback
                0x08000bfc       0x54 CMakeFiles/template.dir/Core/Src/gpio.c.obj
                0x08000bfc                HAL_GPIO_EXTI_Callback
 .text.GPIO_Hal_USB_Reset
                0x08000c50       0x78 CMakeFiles/template.dir/Core/Src/gpio.c.obj
                0x08000c50                GPIO_Hal_USB_Reset
 .text.MX_GPIO_Init
                0x08000cc8      0x17c CMakeFiles/template.dir/Core/Src/gpio.c.obj
                0x08000cc8                MX_GPIO_Init
 .text.MX_ADC1_Init
                0x08000e44       0xc0 CMakeFiles/template.dir/Core/Src/adc.c.obj
                0x08000e44                MX_ADC1_Init
 .text.HAL_ADC_MspInit
                0x08000f04       0xd0 CMakeFiles/template.dir/Core/Src/adc.c.obj
                0x08000f04                HAL_ADC_MspInit
 .text.HAL_ADC_ConvCpltCallback
                0x08000fd4       0x12 CMakeFiles/template.dir/Core/Src/adc.c.obj
                0x08000fd4                HAL_ADC_ConvCpltCallback
 *fill*         0x08000fe6        0x2 
 .text.ADC_DMA_Hal_Test
                0x08000fe8      0x104 CMakeFiles/template.dir/Core/Src/adc.c.obj
                0x08000fe8                ADC_DMA_Hal_Test
 .text.MX_CRC_Init
                0x080010ec       0x28 CMakeFiles/template.dir/Core/Src/crc.c.obj
                0x080010ec                MX_CRC_Init
 .text.HAL_CRC_MspInit
                0x08001114       0x3c CMakeFiles/template.dir/Core/Src/crc.c.obj
                0x08001114                HAL_CRC_MspInit
 .text.MX_DAC_Init
                0x08001150       0x68 CMakeFiles/template.dir/Core/Src/dac.c.obj
                0x08001150                MX_DAC_Init
 .text.HAL_DAC_MspInit
                0x080011b8      0x128 CMakeFiles/template.dir/Core/Src/dac.c.obj
                0x080011b8                HAL_DAC_MspInit
 .text.HAL_DAC_ConvCpltCallbackCh1
                0x080012e0       0x1c CMakeFiles/template.dir/Core/Src/dac.c.obj
                0x080012e0                HAL_DAC_ConvCpltCallbackCh1
 .text.DAC_Hal_Test
                0x080012fc       0x38 CMakeFiles/template.dir/Core/Src/dac.c.obj
                0x080012fc                DAC_Hal_Test
 .text.MX_DMA_Init
                0x08001334       0xa4 CMakeFiles/template.dir/Core/Src/dma.c.obj
                0x08001334                MX_DMA_Init
 .text.MX_I2C1_Init
                0x080013d8       0x5c CMakeFiles/template.dir/Core/Src/i2c.c.obj
                0x080013d8                MX_I2C1_Init
 .text.HAL_I2C_MspInit
                0x08001434       0x7c CMakeFiles/template.dir/Core/Src/i2c.c.obj
                0x08001434                HAL_I2C_MspInit
 .text.MX_IWDG_Init
                0x080014b0       0x34 CMakeFiles/template.dir/Core/Src/iwdg.c.obj
                0x080014b0                MX_IWDG_Init
 .text.IWDG_Hal_Test
                0x080014e4       0x14 CMakeFiles/template.dir/Core/Src/iwdg.c.obj
                0x080014e4                IWDG_Hal_Test
 .text.MX_RTC_Init
                0x080014f8       0x94 CMakeFiles/template.dir/Core/Src/rtc.c.obj
                0x080014f8                MX_RTC_Init
 .text.HAL_RTC_MspInit
                0x0800158c       0x58 CMakeFiles/template.dir/Core/Src/rtc.c.obj
                0x0800158c                HAL_RTC_MspInit
 .text.MX_SPI2_Init
                0x080015e4       0x6c CMakeFiles/template.dir/Core/Src/spi.c.obj
                0x080015e4                MX_SPI2_Init
 .text.HAL_SPI_MspInit
                0x08001650       0x98 CMakeFiles/template.dir/Core/Src/spi.c.obj
                0x08001650                HAL_SPI_MspInit
 .text.MX_TIM1_Init
                0x080016e8      0x180 CMakeFiles/template.dir/Core/Src/tim.c.obj
                0x080016e8                MX_TIM1_Init
 .text.MX_TIM2_Init
                0x08001868       0xa0 CMakeFiles/template.dir/Core/Src/tim.c.obj
                0x08001868                MX_TIM2_Init
 .text.MX_TIM3_Init
                0x08001908       0xa0 CMakeFiles/template.dir/Core/Src/tim.c.obj
                0x08001908                MX_TIM3_Init
 .text.MX_TIM4_Init
                0x080019a8      0x130 CMakeFiles/template.dir/Core/Src/tim.c.obj
                0x080019a8                MX_TIM4_Init
 .text.MX_TIM5_Init
                0x08001ad8       0xf4 CMakeFiles/template.dir/Core/Src/tim.c.obj
                0x08001ad8                MX_TIM5_Init
 .text.HAL_TIM_Base_MspInit
                0x08001bcc      0x274 CMakeFiles/template.dir/Core/Src/tim.c.obj
                0x08001bcc                HAL_TIM_Base_MspInit
 .text.HAL_TIM_MspPostInit
                0x08001e40       0xd4 CMakeFiles/template.dir/Core/Src/tim.c.obj
                0x08001e40                HAL_TIM_MspPostInit
 .text.HAL_TIM_PeriodElapsedCallback
                0x08001f14       0x12 CMakeFiles/template.dir/Core/Src/tim.c.obj
                0x08001f14                HAL_TIM_PeriodElapsedCallback
 .text.HAL_TIM_IC_CaptureCallback
                0x08001f26       0x12 CMakeFiles/template.dir/Core/Src/tim.c.obj
                0x08001f26                HAL_TIM_IC_CaptureCallback
 .text.PWM_Hal_Test
                0x08001f38       0x28 CMakeFiles/template.dir/Core/Src/tim.c.obj
                0x08001f38                PWM_Hal_Test
 .text.PWMCapture_DMA_Hal_Test
                0x08001f60      0x160 CMakeFiles/template.dir/Core/Src/tim.c.obj
                0x08001f60                PWMCapture_DMA_Hal_Test
 .text.__io_putchar
                0x080020c0       0x24 CMakeFiles/template.dir/Core/Src/usart.c.obj
                0x080020c0                __io_putchar
 .text.MX_USART2_UART_Init
                0x080020e4       0x60 CMakeFiles/template.dir/Core/Src/usart.c.obj
                0x080020e4                MX_USART2_UART_Init
 .text.HAL_UART_MspInit
                0x08002144       0xc4 CMakeFiles/template.dir/Core/Src/usart.c.obj
                0x08002144                HAL_UART_MspInit
 .text.HAL_UART_RxCpltCallback
                0x08002208       0xbc CMakeFiles/template.dir/Core/Src/usart.c.obj
                0x08002208                HAL_UART_RxCpltCallback
 .text.USART_Hal_Test
                0x080022c4       0x14 CMakeFiles/template.dir/Core/Src/usart.c.obj
                0x080022c4                USART_Hal_Test
 .text.NMI_Handler
                0x080022d8        0x6 CMakeFiles/template.dir/Core/Src/stm32f1xx_it.c.obj
                0x080022d8                NMI_Handler
 .text.HardFault_Handler
                0x080022de        0x6 CMakeFiles/template.dir/Core/Src/stm32f1xx_it.c.obj
                0x080022de                HardFault_Handler
 .text.MemManage_Handler
                0x080022e4        0x6 CMakeFiles/template.dir/Core/Src/stm32f1xx_it.c.obj
                0x080022e4                MemManage_Handler
 .text.BusFault_Handler
                0x080022ea        0x6 CMakeFiles/template.dir/Core/Src/stm32f1xx_it.c.obj
                0x080022ea                BusFault_Handler
 .text.UsageFault_Handler
                0x080022f0        0x6 CMakeFiles/template.dir/Core/Src/stm32f1xx_it.c.obj
                0x080022f0                UsageFault_Handler
 .text.SVC_Handler
                0x080022f6        0xc CMakeFiles/template.dir/Core/Src/stm32f1xx_it.c.obj
                0x080022f6                SVC_Handler
 .text.DebugMon_Handler
                0x08002302        0xc CMakeFiles/template.dir/Core/Src/stm32f1xx_it.c.obj
                0x08002302                DebugMon_Handler
 .text.PendSV_Handler
                0x0800230e        0xc CMakeFiles/template.dir/Core/Src/stm32f1xx_it.c.obj
                0x0800230e                PendSV_Handler
 .text.SysTick_Handler
                0x0800231a        0xc CMakeFiles/template.dir/Core/Src/stm32f1xx_it.c.obj
                0x0800231a                SysTick_Handler
 *fill*         0x08002326        0x2 
 .text.RTC_IRQHandler
                0x08002328       0x14 CMakeFiles/template.dir/Core/Src/stm32f1xx_it.c.obj
                0x08002328                RTC_IRQHandler
 .text.RCC_IRQHandler
                0x0800233c        0xc CMakeFiles/template.dir/Core/Src/stm32f1xx_it.c.obj
                0x0800233c                RCC_IRQHandler
 .text.EXTI4_IRQHandler
                0x08002348        0xe CMakeFiles/template.dir/Core/Src/stm32f1xx_it.c.obj
                0x08002348                EXTI4_IRQHandler
 *fill*         0x08002356        0x2 
 .text.DMA1_Channel1_IRQHandler
                0x08002358       0x14 CMakeFiles/template.dir/Core/Src/stm32f1xx_it.c.obj
                0x08002358                DMA1_Channel1_IRQHandler
 .text.DMA1_Channel3_IRQHandler
                0x0800236c       0x14 CMakeFiles/template.dir/Core/Src/stm32f1xx_it.c.obj
                0x0800236c                DMA1_Channel3_IRQHandler
 .text.DMA1_Channel4_IRQHandler
                0x08002380       0x14 CMakeFiles/template.dir/Core/Src/stm32f1xx_it.c.obj
                0x08002380                DMA1_Channel4_IRQHandler
 .text.DMA1_Channel5_IRQHandler
                0x08002394       0x14 CMakeFiles/template.dir/Core/Src/stm32f1xx_it.c.obj
                0x08002394                DMA1_Channel5_IRQHandler
 .text.USB_LP_CAN1_RX0_IRQHandler
                0x080023a8       0x14 CMakeFiles/template.dir/Core/Src/stm32f1xx_it.c.obj
                0x080023a8                USB_LP_CAN1_RX0_IRQHandler
 .text.TIM1_UP_IRQHandler
                0x080023bc       0x14 CMakeFiles/template.dir/Core/Src/stm32f1xx_it.c.obj
                0x080023bc                TIM1_UP_IRQHandler
 .text.TIM4_IRQHandler
                0x080023d0       0x14 CMakeFiles/template.dir/Core/Src/stm32f1xx_it.c.obj
                0x080023d0                TIM4_IRQHandler
 .text.USART2_IRQHandler
                0x080023e4       0x14 CMakeFiles/template.dir/Core/Src/stm32f1xx_it.c.obj
                0x080023e4                USART2_IRQHandler
 .text.TIM5_IRQHandler
                0x080023f8       0x14 CMakeFiles/template.dir/Core/Src/stm32f1xx_it.c.obj
                0x080023f8                TIM5_IRQHandler
 .text.DMA2_Channel3_IRQHandler
                0x0800240c       0x14 CMakeFiles/template.dir/Core/Src/stm32f1xx_it.c.obj
                0x0800240c                DMA2_Channel3_IRQHandler
 .text.DMA2_Channel4_5_IRQHandler
                0x08002420       0x14 CMakeFiles/template.dir/Core/Src/stm32f1xx_it.c.obj
                0x08002420                DMA2_Channel4_5_IRQHandler
 .text.HAL_MspInit
                0x08002434       0x80 CMakeFiles/template.dir/Core/Src/stm32f1xx_hal_msp.c.obj
                0x08002434                HAL_MspInit
 .text.MX_USB_DEVICE_Init
                0x080024b4       0x60 CMakeFiles/template.dir/USB_DEVICE/App/usb_device.c.obj
                0x080024b4                MX_USB_DEVICE_Init
 .text.USBD_FS_DeviceDescriptor
                0x08002514       0x24 CMakeFiles/template.dir/USB_DEVICE/App/usbd_desc.c.obj
                0x08002514                USBD_FS_DeviceDescriptor
 .text.USBD_FS_LangIDStrDescriptor
                0x08002538       0x24 CMakeFiles/template.dir/USB_DEVICE/App/usbd_desc.c.obj
                0x08002538                USBD_FS_LangIDStrDescriptor
 .text.USBD_FS_ProductStrDescriptor
                0x0800255c       0x3c CMakeFiles/template.dir/USB_DEVICE/App/usbd_desc.c.obj
                0x0800255c                USBD_FS_ProductStrDescriptor
 .text.USBD_FS_ManufacturerStrDescriptor
                0x08002598       0x28 CMakeFiles/template.dir/USB_DEVICE/App/usbd_desc.c.obj
                0x08002598                USBD_FS_ManufacturerStrDescriptor
 .text.USBD_FS_SerialStrDescriptor
                0x080025c0       0x24 CMakeFiles/template.dir/USB_DEVICE/App/usbd_desc.c.obj
                0x080025c0                USBD_FS_SerialStrDescriptor
 .text.USBD_FS_ConfigStrDescriptor
                0x080025e4       0x3c CMakeFiles/template.dir/USB_DEVICE/App/usbd_desc.c.obj
                0x080025e4                USBD_FS_ConfigStrDescriptor
 .text.USBD_FS_InterfaceStrDescriptor
                0x08002620       0x3c CMakeFiles/template.dir/USB_DEVICE/App/usbd_desc.c.obj
                0x08002620                USBD_FS_InterfaceStrDescriptor
 .text.Get_SerialNum
                0x0800265c       0x58 CMakeFiles/template.dir/USB_DEVICE/App/usbd_desc.c.obj
 .text.IntToUnicode
                0x080026b4       0x7c CMakeFiles/template.dir/USB_DEVICE/App/usbd_desc.c.obj
 .text.CDC_Init_FS
                0x08002730       0x28 CMakeFiles/template.dir/USB_DEVICE/App/usbd_cdc_if.c.obj
 .text.CDC_DeInit_FS
                0x08002758        0xe CMakeFiles/template.dir/USB_DEVICE/App/usbd_cdc_if.c.obj
 *fill*         0x08002766        0x2 
 .text.CDC_Control_FS
                0x08002768       0xbc CMakeFiles/template.dir/USB_DEVICE/App/usbd_cdc_if.c.obj
 .text.CDC_Receive_FS
                0x08002824       0x28 CMakeFiles/template.dir/USB_DEVICE/App/usbd_cdc_if.c.obj
 .text.HAL_PCD_MspInit
                0x0800284c       0x4c CMakeFiles/template.dir/USB_DEVICE/Target/usbd_conf.c.obj
                0x0800284c                HAL_PCD_MspInit
 .text.HAL_PCD_SetupStageCallback
                0x08002898       0x24 CMakeFiles/template.dir/USB_DEVICE/Target/usbd_conf.c.obj
                0x08002898                HAL_PCD_SetupStageCallback
 .text.HAL_PCD_DataOutStageCallback
                0x080028bc       0x36 CMakeFiles/template.dir/USB_DEVICE/Target/usbd_conf.c.obj
                0x080028bc                HAL_PCD_DataOutStageCallback
 .text.HAL_PCD_DataInStageCallback
                0x080028f2       0x34 CMakeFiles/template.dir/USB_DEVICE/Target/usbd_conf.c.obj
                0x080028f2                HAL_PCD_DataInStageCallback
 .text.HAL_PCD_SOFCallback
                0x08002926       0x1c CMakeFiles/template.dir/USB_DEVICE/Target/usbd_conf.c.obj
                0x08002926                HAL_PCD_SOFCallback
 .text.HAL_PCD_ResetCallback
                0x08002942       0x3c CMakeFiles/template.dir/USB_DEVICE/Target/usbd_conf.c.obj
                0x08002942                HAL_PCD_ResetCallback
 *fill*         0x0800297e        0x2 
 .text.HAL_PCD_SuspendCallback
                0x08002980       0x34 CMakeFiles/template.dir/USB_DEVICE/Target/usbd_conf.c.obj
                0x08002980                HAL_PCD_SuspendCallback
 .text.HAL_PCD_ResumeCallback
                0x080029b4       0x1c CMakeFiles/template.dir/USB_DEVICE/Target/usbd_conf.c.obj
                0x080029b4                HAL_PCD_ResumeCallback
 .text.USBD_LL_Init
                0x080029d0       0xb4 CMakeFiles/template.dir/USB_DEVICE/Target/usbd_conf.c.obj
                0x080029d0                USBD_LL_Init
 .text.USBD_LL_Start
                0x08002a84       0x36 CMakeFiles/template.dir/USB_DEVICE/Target/usbd_conf.c.obj
                0x08002a84                USBD_LL_Start
 .text.USBD_LL_OpenEP
                0x08002aba       0x4c CMakeFiles/template.dir/USB_DEVICE/Target/usbd_conf.c.obj
                0x08002aba                USBD_LL_OpenEP
 .text.USBD_LL_CloseEP
                0x08002b06       0x3e CMakeFiles/template.dir/USB_DEVICE/Target/usbd_conf.c.obj
                0x08002b06                USBD_LL_CloseEP
 .text.USBD_LL_StallEP
                0x08002b44       0x3e CMakeFiles/template.dir/USB_DEVICE/Target/usbd_conf.c.obj
                0x08002b44                USBD_LL_StallEP
 .text.USBD_LL_ClearStallEP
                0x08002b82       0x3e CMakeFiles/template.dir/USB_DEVICE/Target/usbd_conf.c.obj
                0x08002b82                USBD_LL_ClearStallEP
 .text.USBD_LL_IsStallEP
                0x08002bc0       0x58 CMakeFiles/template.dir/USB_DEVICE/Target/usbd_conf.c.obj
                0x08002bc0                USBD_LL_IsStallEP
 .text.USBD_LL_SetUSBAddress
                0x08002c18       0x3e CMakeFiles/template.dir/USB_DEVICE/Target/usbd_conf.c.obj
                0x08002c18                USBD_LL_SetUSBAddress
 .text.USBD_LL_Transmit
                0x08002c56       0x46 CMakeFiles/template.dir/USB_DEVICE/Target/usbd_conf.c.obj
                0x08002c56                USBD_LL_Transmit
 .text.USBD_LL_PrepareReceive
                0x08002c9c       0x46 CMakeFiles/template.dir/USB_DEVICE/Target/usbd_conf.c.obj
                0x08002c9c                USBD_LL_PrepareReceive
 .text.USBD_LL_GetRxDataSize
                0x08002ce2       0x26 CMakeFiles/template.dir/USB_DEVICE/Target/usbd_conf.c.obj
                0x08002ce2                USBD_LL_GetRxDataSize
 .text.USBD_static_malloc
                0x08002d08       0x18 CMakeFiles/template.dir/USB_DEVICE/Target/usbd_conf.c.obj
                0x08002d08                USBD_static_malloc
 .text.USBD_static_free
                0x08002d20       0x12 CMakeFiles/template.dir/USB_DEVICE/Target/usbd_conf.c.obj
                0x08002d20                USBD_static_free
 .text.HAL_PCDEx_SetConnectionState
                0x08002d32       0x16 CMakeFiles/template.dir/USB_DEVICE/Target/usbd_conf.c.obj
                0x08002d32                HAL_PCDEx_SetConnectionState
 .text.USBD_Get_USB_Status
                0x08002d48       0x58 CMakeFiles/template.dir/USB_DEVICE/Target/usbd_conf.c.obj
 .text.HAL_PCD_Init
                0x08002da0      0x1fe CMakeFiles/template.dir/Drivers/STM32F1xx_HAL_Driver/Src/stm32f1xx_hal_pcd.c.obj
                0x08002da0                HAL_PCD_Init
 .text.HAL_PCD_Start
                0x08002f9e       0x4c CMakeFiles/template.dir/Drivers/STM32F1xx_HAL_Driver/Src/stm32f1xx_hal_pcd.c.obj
                0x08002f9e                HAL_PCD_Start
 .text.HAL_PCD_IRQHandler
                0x08002fea      0x260 CMakeFiles/template.dir/Drivers/STM32F1xx_HAL_Driver/Src/stm32f1xx_hal_pcd.c.obj
                0x08002fea                HAL_PCD_IRQHandler
 .text.HAL_PCD_SetAddress
                0x0800324a       0x4a CMakeFiles/template.dir/Drivers/STM32F1xx_HAL_Driver/Src/stm32f1xx_hal_pcd.c.obj
                0x0800324a                HAL_PCD_SetAddress
 .text.HAL_PCD_EP_Open
                0x08003294       0xba CMakeFiles/template.dir/Drivers/STM32F1xx_HAL_Driver/Src/stm32f1xx_hal_pcd.c.obj
                0x08003294                HAL_PCD_EP_Open
 .text.HAL_PCD_EP_Close
                0x0800334e       0x90 CMakeFiles/template.dir/Drivers/STM32F1xx_HAL_Driver/Src/stm32f1xx_hal_pcd.c.obj
                0x0800334e                HAL_PCD_EP_Close
 .text.HAL_PCD_EP_Receive
                0x080033de       0x62 CMakeFiles/template.dir/Drivers/STM32F1xx_HAL_Driver/Src/stm32f1xx_hal_pcd.c.obj
                0x080033de                HAL_PCD_EP_Receive
 .text.HAL_PCD_EP_GetRxCount
                0x08003440       0x2e CMakeFiles/template.dir/Drivers/STM32F1xx_HAL_Driver/Src/stm32f1xx_hal_pcd.c.obj
                0x08003440                HAL_PCD_EP_GetRxCount
 .text.HAL_PCD_EP_Transmit
                0x0800346e       0x6e CMakeFiles/template.dir/Drivers/STM32F1xx_HAL_Driver/Src/stm32f1xx_hal_pcd.c.obj
                0x0800346e                HAL_PCD_EP_Transmit
 .text.HAL_PCD_EP_SetStall
                0x080034dc       0xc0 CMakeFiles/template.dir/Drivers/STM32F1xx_HAL_Driver/Src/stm32f1xx_hal_pcd.c.obj
                0x080034dc                HAL_PCD_EP_SetStall
 .text.HAL_PCD_EP_ClrStall
                0x0800359c       0xa8 CMakeFiles/template.dir/Drivers/STM32F1xx_HAL_Driver/Src/stm32f1xx_hal_pcd.c.obj
                0x0800359c                HAL_PCD_EP_ClrStall
 .text.PCD_EP_ISR_Handler
                0x08003644      0x7a6 CMakeFiles/template.dir/Drivers/STM32F1xx_HAL_Driver/Src/stm32f1xx_hal_pcd.c.obj
 .text.HAL_PCD_EP_DB_Receive
                0x08003dea      0x21a CMakeFiles/template.dir/Drivers/STM32F1xx_HAL_Driver/Src/stm32f1xx_hal_pcd.c.obj
 .text.HAL_PCD_EP_DB_Transmit
                0x08004004      0x7f4 CMakeFiles/template.dir/Drivers/STM32F1xx_HAL_Driver/Src/stm32f1xx_hal_pcd.c.obj
 .text.HAL_PCDEx_PMAConfig
                0x080047f8       0x84 CMakeFiles/template.dir/Drivers/STM32F1xx_HAL_Driver/Src/stm32f1xx_hal_pcd_ex.c.obj
                0x080047f8                HAL_PCDEx_PMAConfig
 .text.USB_CoreInit
                0x0800487c       0x20 CMakeFiles/template.dir/Drivers/STM32F1xx_HAL_Driver/Src/stm32f1xx_ll_usb.c.obj
                0x0800487c                USB_CoreInit
 .text.USB_EnableGlobalInt
                0x0800489c       0x2c CMakeFiles/template.dir/Drivers/STM32F1xx_HAL_Driver/Src/stm32f1xx_ll_usb.c.obj
                0x0800489c                USB_EnableGlobalInt
 .text.USB_DisableGlobalInt
                0x080048c8       0x34 CMakeFiles/template.dir/Drivers/STM32F1xx_HAL_Driver/Src/stm32f1xx_ll_usb.c.obj
                0x080048c8                USB_DisableGlobalInt
 .text.USB_SetCurrentMode
                0x080048fc       0x18 CMakeFiles/template.dir/Drivers/STM32F1xx_HAL_Driver/Src/stm32f1xx_ll_usb.c.obj
                0x080048fc                USB_SetCurrentMode
 .text.USB_DevInit
                0x08004914       0x40 CMakeFiles/template.dir/Drivers/STM32F1xx_HAL_Driver/Src/stm32f1xx_ll_usb.c.obj
                0x08004914                USB_DevInit
 .text.USB_ActivateEndpoint
                0x08004954      0x780 CMakeFiles/template.dir/Drivers/STM32F1xx_HAL_Driver/Src/stm32f1xx_ll_usb.c.obj
                0x08004954                USB_ActivateEndpoint
 .text.USB_DeactivateEndpoint
                0x080050d4      0x3d8 CMakeFiles/template.dir/Drivers/STM32F1xx_HAL_Driver/Src/stm32f1xx_ll_usb.c.obj
                0x080050d4                USB_DeactivateEndpoint
 .text.USB_EPStartXfer
                0x080054ac     0x1762 CMakeFiles/template.dir/Drivers/STM32F1xx_HAL_Driver/Src/stm32f1xx_ll_usb.c.obj
                0x080054ac                USB_EPStartXfer
 .text.USB_EPSetStall
                0x08006c0e       0xa0 CMakeFiles/template.dir/Drivers/STM32F1xx_HAL_Driver/Src/stm32f1xx_ll_usb.c.obj
                0x08006c0e                USB_EPSetStall
 .text.USB_EPClearStall
                0x08006cae      0x15a CMakeFiles/template.dir/Drivers/STM32F1xx_HAL_Driver/Src/stm32f1xx_ll_usb.c.obj
                0x08006cae                USB_EPClearStall
 .text.USB_SetDevAddress
                0x08006e08       0x26 CMakeFiles/template.dir/Drivers/STM32F1xx_HAL_Driver/Src/stm32f1xx_ll_usb.c.obj
                0x08006e08                USB_SetDevAddress
 .text.USB_DevConnect
                0x08006e2e       0x14 CMakeFiles/template.dir/Drivers/STM32F1xx_HAL_Driver/Src/stm32f1xx_ll_usb.c.obj
                0x08006e2e                USB_DevConnect
 .text.USB_DevDisconnect
                0x08006e42       0x14 CMakeFiles/template.dir/Drivers/STM32F1xx_HAL_Driver/Src/stm32f1xx_ll_usb.c.obj
                0x08006e42                USB_DevDisconnect
 .text.USB_ReadInterrupts
                0x08006e56       0x1e CMakeFiles/template.dir/Drivers/STM32F1xx_HAL_Driver/Src/stm32f1xx_ll_usb.c.obj
                0x08006e56                USB_ReadInterrupts
 .text.USB_EP0_OutStart
                0x08006e74       0x16 CMakeFiles/template.dir/Drivers/STM32F1xx_HAL_Driver/Src/stm32f1xx_ll_usb.c.obj
                0x08006e74                USB_EP0_OutStart
 .text.USB_WritePMA
                0x08006e8a       0x8a CMakeFiles/template.dir/Drivers/STM32F1xx_HAL_Driver/Src/stm32f1xx_ll_usb.c.obj
                0x08006e8a                USB_WritePMA
 .text.USB_ReadPMA
                0x08006f14       0x9e CMakeFiles/template.dir/Drivers/STM32F1xx_HAL_Driver/Src/stm32f1xx_ll_usb.c.obj
                0x08006f14                USB_ReadPMA
 *fill*         0x08006fb2        0x2 
 .text.HAL_Init
                0x08006fb4       0x2c CMakeFiles/template.dir/Drivers/STM32F1xx_HAL_Driver/Src/stm32f1xx_hal.c.obj
                0x08006fb4                HAL_Init
 .text.HAL_InitTick
                0x08006fe0       0x60 CMakeFiles/template.dir/Drivers/STM32F1xx_HAL_Driver/Src/stm32f1xx_hal.c.obj
                0x08006fe0                HAL_InitTick
 .text.HAL_IncTick
                0x08007040       0x24 CMakeFiles/template.dir/Drivers/STM32F1xx_HAL_Driver/Src/stm32f1xx_hal.c.obj
                0x08007040                HAL_IncTick
 .text.HAL_GetTick
                0x08007064       0x14 CMakeFiles/template.dir/Drivers/STM32F1xx_HAL_Driver/Src/stm32f1xx_hal.c.obj
                0x08007064                HAL_GetTick
 .text.HAL_Delay
                0x08007078       0x48 CMakeFiles/template.dir/Drivers/STM32F1xx_HAL_Driver/Src/stm32f1xx_hal.c.obj
                0x08007078                HAL_Delay
 .text.HAL_RCC_OscConfig
                0x080070c0      0x504 CMakeFiles/template.dir/Drivers/STM32F1xx_HAL_Driver/Src/stm32f1xx_hal_rcc.c.obj
                0x080070c0                HAL_RCC_OscConfig
 .text.HAL_RCC_ClockConfig
                0x080075c4      0x1d4 CMakeFiles/template.dir/Drivers/STM32F1xx_HAL_Driver/Src/stm32f1xx_hal_rcc.c.obj
                0x080075c4                HAL_RCC_ClockConfig
 .text.HAL_RCC_GetSysClockFreq
                0x08007798       0xa8 CMakeFiles/template.dir/Drivers/STM32F1xx_HAL_Driver/Src/stm32f1xx_hal_rcc.c.obj
                0x08007798                HAL_RCC_GetSysClockFreq
 .text.HAL_RCC_GetHCLKFreq
                0x08007840       0x14 CMakeFiles/template.dir/Drivers/STM32F1xx_HAL_Driver/Src/stm32f1xx_hal_rcc.c.obj
                0x08007840                HAL_RCC_GetHCLKFreq
 .text.HAL_RCC_GetPCLK1Freq
                0x08007854       0x28 CMakeFiles/template.dir/Drivers/STM32F1xx_HAL_Driver/Src/stm32f1xx_hal_rcc.c.obj
                0x08007854                HAL_RCC_GetPCLK1Freq
 .text.HAL_RCC_GetPCLK2Freq
                0x0800787c       0x28 CMakeFiles/template.dir/Drivers/STM32F1xx_HAL_Driver/Src/stm32f1xx_hal_rcc.c.obj
                0x0800787c                HAL_RCC_GetPCLK2Freq
 .text.RCC_Delay
                0x080078a4       0x3c CMakeFiles/template.dir/Drivers/STM32F1xx_HAL_Driver/Src/stm32f1xx_hal_rcc.c.obj
 .text.HAL_RCCEx_PeriphCLKConfig
                0x080078e0      0x16c CMakeFiles/template.dir/Drivers/STM32F1xx_HAL_Driver/Src/stm32f1xx_hal_rcc_ex.c.obj
                0x080078e0                HAL_RCCEx_PeriphCLKConfig
 .text.HAL_RCCEx_GetPeriphCLKFreq
                0x08007a4c      0x1b0 CMakeFiles/template.dir/Drivers/STM32F1xx_HAL_Driver/Src/stm32f1xx_hal_rcc_ex.c.obj
                0x08007a4c                HAL_RCCEx_GetPeriphCLKFreq
 .text.HAL_GPIO_Init
                0x08007bfc      0x328 CMakeFiles/template.dir/Drivers/STM32F1xx_HAL_Driver/Src/stm32f1xx_hal_gpio.c.obj
                0x08007bfc                HAL_GPIO_Init
 .text.HAL_GPIO_ReadPin
                0x08007f24       0x2e CMakeFiles/template.dir/Drivers/STM32F1xx_HAL_Driver/Src/stm32f1xx_hal_gpio.c.obj
                0x08007f24                HAL_GPIO_ReadPin
 .text.HAL_GPIO_WritePin
                0x08007f52       0x30 CMakeFiles/template.dir/Drivers/STM32F1xx_HAL_Driver/Src/stm32f1xx_hal_gpio.c.obj
                0x08007f52                HAL_GPIO_WritePin
 .text.HAL_GPIO_TogglePin
                0x08007f82       0x32 CMakeFiles/template.dir/Drivers/STM32F1xx_HAL_Driver/Src/stm32f1xx_hal_gpio.c.obj
                0x08007f82                HAL_GPIO_TogglePin
 .text.HAL_GPIO_EXTI_IRQHandler
                0x08007fb4       0x30 CMakeFiles/template.dir/Drivers/STM32F1xx_HAL_Driver/Src/stm32f1xx_hal_gpio.c.obj
                0x08007fb4                HAL_GPIO_EXTI_IRQHandler
 .text.HAL_DMA_Init
                0x08007fe4       0xec CMakeFiles/template.dir/Drivers/STM32F1xx_HAL_Driver/Src/stm32f1xx_hal_dma.c.obj
                0x08007fe4                HAL_DMA_Init
 .text.HAL_DMA_Start_IT
                0x080080d0       0xc0 CMakeFiles/template.dir/Drivers/STM32F1xx_HAL_Driver/Src/stm32f1xx_hal_dma.c.obj
                0x080080d0                HAL_DMA_Start_IT
 .text.HAL_DMA_Abort
                0x08008190       0x76 CMakeFiles/template.dir/Drivers/STM32F1xx_HAL_Driver/Src/stm32f1xx_hal_dma.c.obj
                0x08008190                HAL_DMA_Abort
 *fill*         0x08008206        0x2 
 .text.HAL_DMA_Abort_IT
                0x08008208      0x210 CMakeFiles/template.dir/Drivers/STM32F1xx_HAL_Driver/Src/stm32f1xx_hal_dma.c.obj
                0x08008208                HAL_DMA_Abort_IT
 .text.HAL_DMA_IRQHandler
                0x08008418      0x478 CMakeFiles/template.dir/Drivers/STM32F1xx_HAL_Driver/Src/stm32f1xx_hal_dma.c.obj
                0x08008418                HAL_DMA_IRQHandler
 .text.DMA_SetConfig
                0x08008890       0x5a CMakeFiles/template.dir/Drivers/STM32F1xx_HAL_Driver/Src/stm32f1xx_hal_dma.c.obj
 *fill*         0x080088ea        0x2 
 .text.__NVIC_SetPriorityGrouping
                0x080088ec       0x48 CMakeFiles/template.dir/Drivers/STM32F1xx_HAL_Driver/Src/stm32f1xx_hal_cortex.c.obj
 .text.__NVIC_GetPriorityGrouping
                0x08008934       0x1c CMakeFiles/template.dir/Drivers/STM32F1xx_HAL_Driver/Src/stm32f1xx_hal_cortex.c.obj
 .text.__NVIC_EnableIRQ
                0x08008950       0x38 CMakeFiles/template.dir/Drivers/STM32F1xx_HAL_Driver/Src/stm32f1xx_hal_cortex.c.obj
 .text.__NVIC_SetPriority
                0x08008988       0x54 CMakeFiles/template.dir/Drivers/STM32F1xx_HAL_Driver/Src/stm32f1xx_hal_cortex.c.obj
 .text.NVIC_EncodePriority
                0x080089dc       0x64 CMakeFiles/template.dir/Drivers/STM32F1xx_HAL_Driver/Src/stm32f1xx_hal_cortex.c.obj
 .text.SysTick_Config
                0x08008a40       0x44 CMakeFiles/template.dir/Drivers/STM32F1xx_HAL_Driver/Src/stm32f1xx_hal_cortex.c.obj
 .text.HAL_NVIC_SetPriorityGrouping
                0x08008a84       0x16 CMakeFiles/template.dir/Drivers/STM32F1xx_HAL_Driver/Src/stm32f1xx_hal_cortex.c.obj
                0x08008a84                HAL_NVIC_SetPriorityGrouping
 .text.HAL_NVIC_SetPriority
                0x08008a9a       0x38 CMakeFiles/template.dir/Drivers/STM32F1xx_HAL_Driver/Src/stm32f1xx_hal_cortex.c.obj
                0x08008a9a                HAL_NVIC_SetPriority
 .text.HAL_NVIC_EnableIRQ
                0x08008ad2       0x1c CMakeFiles/template.dir/Drivers/STM32F1xx_HAL_Driver/Src/stm32f1xx_hal_cortex.c.obj
                0x08008ad2                HAL_NVIC_EnableIRQ
 .text.HAL_SYSTICK_Config
                0x08008aee       0x18 CMakeFiles/template.dir/Drivers/STM32F1xx_HAL_Driver/Src/stm32f1xx_hal_cortex.c.obj
                0x08008aee                HAL_SYSTICK_Config
 *fill*         0x08008b06        0x2 
 .text.HAL_PWR_EnableBkUpAccess
                0x08008b08       0x18 CMakeFiles/template.dir/Drivers/STM32F1xx_HAL_Driver/Src/stm32f1xx_hal_pwr.c.obj
                0x08008b08                HAL_PWR_EnableBkUpAccess
 .text.HAL_ADC_Init
                0x08008b20      0x1d4 CMakeFiles/template.dir/Drivers/STM32F1xx_HAL_Driver/Src/stm32f1xx_hal_adc.c.obj
                0x08008b20                HAL_ADC_Init
 .text.HAL_ADC_Start_DMA
                0x08008cf4      0x1bc CMakeFiles/template.dir/Drivers/STM32F1xx_HAL_Driver/Src/stm32f1xx_hal_adc.c.obj
                0x08008cf4                HAL_ADC_Start_DMA
 .text.HAL_ADC_ConvHalfCpltCallback
                0x08008eb0       0x12 CMakeFiles/template.dir/Drivers/STM32F1xx_HAL_Driver/Src/stm32f1xx_hal_adc.c.obj
                0x08008eb0                HAL_ADC_ConvHalfCpltCallback
 .text.HAL_ADC_ErrorCallback
                0x08008ec2       0x12 CMakeFiles/template.dir/Drivers/STM32F1xx_HAL_Driver/Src/stm32f1xx_hal_adc.c.obj
                0x08008ec2                HAL_ADC_ErrorCallback
 .text.HAL_ADC_ConfigChannel
                0x08008ed4      0x1f0 CMakeFiles/template.dir/Drivers/STM32F1xx_HAL_Driver/Src/stm32f1xx_hal_adc.c.obj
                0x08008ed4                HAL_ADC_ConfigChannel
 .text.ADC_Enable
                0x080090c4       0xb4 CMakeFiles/template.dir/Drivers/STM32F1xx_HAL_Driver/Src/stm32f1xx_hal_adc.c.obj
                0x080090c4                ADC_Enable
 .text.ADC_ConversionStop_Disable
                0x08009178       0x82 CMakeFiles/template.dir/Drivers/STM32F1xx_HAL_Driver/Src/stm32f1xx_hal_adc.c.obj
                0x08009178                ADC_ConversionStop_Disable
 .text.ADC_DMAConvCplt
                0x080091fa       0x7c CMakeFiles/template.dir/Drivers/STM32F1xx_HAL_Driver/Src/stm32f1xx_hal_adc.c.obj
                0x080091fa                ADC_DMAConvCplt
 .text.ADC_DMAHalfConvCplt
                0x08009276       0x1c CMakeFiles/template.dir/Drivers/STM32F1xx_HAL_Driver/Src/stm32f1xx_hal_adc.c.obj
                0x08009276                ADC_DMAHalfConvCplt
 .text.ADC_DMAError
                0x08009292       0x34 CMakeFiles/template.dir/Drivers/STM32F1xx_HAL_Driver/Src/stm32f1xx_hal_adc.c.obj
                0x08009292                ADC_DMAError
 *fill*         0x080092c6        0x2 
 .text.HAL_ADCEx_Calibration_Start
                0x080092c8      0x15c CMakeFiles/template.dir/Drivers/STM32F1xx_HAL_Driver/Src/stm32f1xx_hal_adc_ex.c.obj
                0x080092c8                HAL_ADCEx_Calibration_Start
 .text.HAL_CRC_Init
                0x08009424       0x38 CMakeFiles/template.dir/Drivers/STM32F1xx_HAL_Driver/Src/stm32f1xx_hal_crc.c.obj
                0x08009424                HAL_CRC_Init
 .text.HAL_DAC_Init
                0x0800945c       0x44 CMakeFiles/template.dir/Drivers/STM32F1xx_HAL_Driver/Src/stm32f1xx_hal_dac.c.obj
                0x0800945c                HAL_DAC_Init
 .text.HAL_DAC_Start_DMA
                0x080094a0      0x160 CMakeFiles/template.dir/Drivers/STM32F1xx_HAL_Driver/Src/stm32f1xx_hal_dac.c.obj
                0x080094a0                HAL_DAC_Start_DMA
 .text.HAL_DAC_ConvHalfCpltCallbackCh1
                0x08009600       0x12 CMakeFiles/template.dir/Drivers/STM32F1xx_HAL_Driver/Src/stm32f1xx_hal_dac.c.obj
                0x08009600                HAL_DAC_ConvHalfCpltCallbackCh1
 .text.HAL_DAC_ErrorCallbackCh1
                0x08009612       0x12 CMakeFiles/template.dir/Drivers/STM32F1xx_HAL_Driver/Src/stm32f1xx_hal_dac.c.obj
                0x08009612                HAL_DAC_ErrorCallbackCh1
 .text.HAL_DAC_ConfigChannel
                0x08009624       0xb0 CMakeFiles/template.dir/Drivers/STM32F1xx_HAL_Driver/Src/stm32f1xx_hal_dac.c.obj
                0x08009624                HAL_DAC_ConfigChannel
 .text.DAC_DMAConvCpltCh1
                0x080096d4       0x22 CMakeFiles/template.dir/Drivers/STM32F1xx_HAL_Driver/Src/stm32f1xx_hal_dac.c.obj
                0x080096d4                DAC_DMAConvCpltCh1
 .text.DAC_DMAHalfConvCpltCh1
                0x080096f6       0x1c CMakeFiles/template.dir/Drivers/STM32F1xx_HAL_Driver/Src/stm32f1xx_hal_dac.c.obj
                0x080096f6                DAC_DMAHalfConvCpltCh1
 .text.DAC_DMAErrorCh1
                0x08009712       0x2e CMakeFiles/template.dir/Drivers/STM32F1xx_HAL_Driver/Src/stm32f1xx_hal_dac.c.obj
                0x08009712                DAC_DMAErrorCh1
 .text.HAL_DACEx_ConvCpltCallbackCh2
                0x08009740       0x12 CMakeFiles/template.dir/Drivers/STM32F1xx_HAL_Driver/Src/stm32f1xx_hal_dac_ex.c.obj
                0x08009740                HAL_DACEx_ConvCpltCallbackCh2
 .text.HAL_DACEx_ConvHalfCpltCallbackCh2
                0x08009752       0x12 CMakeFiles/template.dir/Drivers/STM32F1xx_HAL_Driver/Src/stm32f1xx_hal_dac_ex.c.obj
                0x08009752                HAL_DACEx_ConvHalfCpltCallbackCh2
 .text.HAL_DACEx_ErrorCallbackCh2
                0x08009764       0x12 CMakeFiles/template.dir/Drivers/STM32F1xx_HAL_Driver/Src/stm32f1xx_hal_dac_ex.c.obj
                0x08009764                HAL_DACEx_ErrorCallbackCh2
 .text.DAC_DMAConvCpltCh2
                0x08009776       0x22 CMakeFiles/template.dir/Drivers/STM32F1xx_HAL_Driver/Src/stm32f1xx_hal_dac_ex.c.obj
                0x08009776                DAC_DMAConvCpltCh2
 .text.DAC_DMAHalfConvCpltCh2
                0x08009798       0x1c CMakeFiles/template.dir/Drivers/STM32F1xx_HAL_Driver/Src/stm32f1xx_hal_dac_ex.c.obj
                0x08009798                DAC_DMAHalfConvCpltCh2
 .text.DAC_DMAErrorCh2
                0x080097b4       0x2e CMakeFiles/template.dir/Drivers/STM32F1xx_HAL_Driver/Src/stm32f1xx_hal_dac_ex.c.obj
                0x080097b4                DAC_DMAErrorCh2
 *fill*         0x080097e2        0x2 
 .text.HAL_I2C_Init
                0x080097e4      0x288 CMakeFiles/template.dir/Drivers/STM32F1xx_HAL_Driver/Src/stm32f1xx_hal_i2c.c.obj
                0x080097e4                HAL_I2C_Init
 .text.HAL_IWDG_Init
                0x08009a6c       0x84 CMakeFiles/template.dir/Drivers/STM32F1xx_HAL_Driver/Src/stm32f1xx_hal_iwdg.c.obj
                0x08009a6c                HAL_IWDG_Init
 .text.HAL_IWDG_Refresh
                0x08009af0       0x1e CMakeFiles/template.dir/Drivers/STM32F1xx_HAL_Driver/Src/stm32f1xx_hal_iwdg.c.obj
                0x08009af0                HAL_IWDG_Refresh
 *fill*         0x08009b0e        0x2 
 .text.HAL_RTC_Init
                0x08009b10      0x118 CMakeFiles/template.dir/Drivers/STM32F1xx_HAL_Driver/Src/stm32f1xx_hal_rtc.c.obj
                0x08009b10                HAL_RTC_Init
 .text.HAL_RTC_SetTime
                0x08009c28      0x12e CMakeFiles/template.dir/Drivers/STM32F1xx_HAL_Driver/Src/stm32f1xx_hal_rtc.c.obj
                0x08009c28                HAL_RTC_SetTime
 *fill*         0x08009d56        0x2 
 .text.HAL_RTC_SetDate
                0x08009d58      0x16c CMakeFiles/template.dir/Drivers/STM32F1xx_HAL_Driver/Src/stm32f1xx_hal_rtc.c.obj
                0x08009d58                HAL_RTC_SetDate
 .text.HAL_RTC_WaitForSynchro
                0x08009ec4       0x5a CMakeFiles/template.dir/Drivers/STM32F1xx_HAL_Driver/Src/stm32f1xx_hal_rtc.c.obj
                0x08009ec4                HAL_RTC_WaitForSynchro
 .text.RTC_ReadTimeCounter
                0x08009f1e       0x60 CMakeFiles/template.dir/Drivers/STM32F1xx_HAL_Driver/Src/stm32f1xx_hal_rtc.c.obj
 .text.RTC_WriteTimeCounter
                0x08009f7e       0x4e CMakeFiles/template.dir/Drivers/STM32F1xx_HAL_Driver/Src/stm32f1xx_hal_rtc.c.obj
 .text.RTC_ReadAlarmCounter
                0x08009fcc       0x32 CMakeFiles/template.dir/Drivers/STM32F1xx_HAL_Driver/Src/stm32f1xx_hal_rtc.c.obj
 .text.RTC_WriteAlarmCounter
                0x08009ffe       0x4e CMakeFiles/template.dir/Drivers/STM32F1xx_HAL_Driver/Src/stm32f1xx_hal_rtc.c.obj
 .text.RTC_EnterInitMode
                0x0800a04c       0x50 CMakeFiles/template.dir/Drivers/STM32F1xx_HAL_Driver/Src/stm32f1xx_hal_rtc.c.obj
 .text.RTC_ExitInitMode
                0x0800a09c       0x50 CMakeFiles/template.dir/Drivers/STM32F1xx_HAL_Driver/Src/stm32f1xx_hal_rtc.c.obj
 .text.RTC_Bcd2ToByte
                0x0800a0ec       0x3a CMakeFiles/template.dir/Drivers/STM32F1xx_HAL_Driver/Src/stm32f1xx_hal_rtc.c.obj
 *fill*         0x0800a126        0x2 
 .text.RTC_WeekDayNum
                0x0800a128       0xf0 CMakeFiles/template.dir/Drivers/STM32F1xx_HAL_Driver/Src/stm32f1xx_hal_rtc.c.obj
 .text.HAL_RTCEx_RTCIRQHandler
                0x0800a218       0x6e CMakeFiles/template.dir/Drivers/STM32F1xx_HAL_Driver/Src/stm32f1xx_hal_rtc_ex.c.obj
                0x0800a218                HAL_RTCEx_RTCIRQHandler
 .text.HAL_RTCEx_RTCEventCallback
                0x0800a286       0x12 CMakeFiles/template.dir/Drivers/STM32F1xx_HAL_Driver/Src/stm32f1xx_hal_rtc_ex.c.obj
                0x0800a286                HAL_RTCEx_RTCEventCallback
 .text.HAL_RTCEx_RTCEventErrorCallback
                0x0800a298       0x12 CMakeFiles/template.dir/Drivers/STM32F1xx_HAL_Driver/Src/stm32f1xx_hal_rtc_ex.c.obj
                0x0800a298                HAL_RTCEx_RTCEventErrorCallback
 .text.HAL_SPI_Init
                0x0800a2aa      0x108 CMakeFiles/template.dir/Drivers/STM32F1xx_HAL_Driver/Src/stm32f1xx_hal_spi.c.obj
                0x0800a2aa                HAL_SPI_Init
 .text.HAL_TIM_Base_Init
                0x0800a3b2       0x9e CMakeFiles/template.dir/Drivers/STM32F1xx_HAL_Driver/Src/stm32f1xx_hal_tim.c.obj
                0x0800a3b2                HAL_TIM_Base_Init
 .text.HAL_TIM_Base_Start
                0x0800a450       0xb0 CMakeFiles/template.dir/Drivers/STM32F1xx_HAL_Driver/Src/stm32f1xx_hal_tim.c.obj
                0x0800a450                HAL_TIM_Base_Start
 .text.HAL_TIM_PWM_Init
                0x0800a500       0x9e CMakeFiles/template.dir/Drivers/STM32F1xx_HAL_Driver/Src/stm32f1xx_hal_tim.c.obj
                0x0800a500                HAL_TIM_PWM_Init
 .text.HAL_TIM_PWM_MspInit
                0x0800a59e       0x12 CMakeFiles/template.dir/Drivers/STM32F1xx_HAL_Driver/Src/stm32f1xx_hal_tim.c.obj
                0x0800a59e                HAL_TIM_PWM_MspInit
 .text.HAL_TIM_PWM_Start
                0x0800a5b0      0x174 CMakeFiles/template.dir/Drivers/STM32F1xx_HAL_Driver/Src/stm32f1xx_hal_tim.c.obj
                0x0800a5b0                HAL_TIM_PWM_Start
 .text.HAL_TIM_IC_Init
                0x0800a724       0x9e CMakeFiles/template.dir/Drivers/STM32F1xx_HAL_Driver/Src/stm32f1xx_hal_tim.c.obj
                0x0800a724                HAL_TIM_IC_Init
 .text.HAL_TIM_IC_MspInit
                0x0800a7c2       0x12 CMakeFiles/template.dir/Drivers/STM32F1xx_HAL_Driver/Src/stm32f1xx_hal_tim.c.obj
                0x0800a7c2                HAL_TIM_IC_MspInit
 .text.HAL_TIM_IC_Start_DMA
                0x0800a7d4      0x338 CMakeFiles/template.dir/Drivers/STM32F1xx_HAL_Driver/Src/stm32f1xx_hal_tim.c.obj
                0x0800a7d4                HAL_TIM_IC_Start_DMA
 .text.HAL_TIM_IRQHandler
                0x0800ab0c      0x210 CMakeFiles/template.dir/Drivers/STM32F1xx_HAL_Driver/Src/stm32f1xx_hal_tim.c.obj
                0x0800ab0c                HAL_TIM_IRQHandler
 .text.HAL_TIM_IC_ConfigChannel
                0x0800ad1c      0x138 CMakeFiles/template.dir/Drivers/STM32F1xx_HAL_Driver/Src/stm32f1xx_hal_tim.c.obj
                0x0800ad1c                HAL_TIM_IC_ConfigChannel
 .text.HAL_TIM_PWM_ConfigChannel
                0x0800ae54      0x184 CMakeFiles/template.dir/Drivers/STM32F1xx_HAL_Driver/Src/stm32f1xx_hal_tim.c.obj
                0x0800ae54                HAL_TIM_PWM_ConfigChannel
 .text.HAL_TIM_ConfigClockSource
                0x0800afd8      0x18e CMakeFiles/template.dir/Drivers/STM32F1xx_HAL_Driver/Src/stm32f1xx_hal_tim.c.obj
                0x0800afd8                HAL_TIM_ConfigClockSource
 .text.HAL_TIM_OC_DelayElapsedCallback
                0x0800b166       0x12 CMakeFiles/template.dir/Drivers/STM32F1xx_HAL_Driver/Src/stm32f1xx_hal_tim.c.obj
                0x0800b166                HAL_TIM_OC_DelayElapsedCallback
 .text.HAL_TIM_IC_CaptureHalfCpltCallback
                0x0800b178       0x12 CMakeFiles/template.dir/Drivers/STM32F1xx_HAL_Driver/Src/stm32f1xx_hal_tim.c.obj
                0x0800b178                HAL_TIM_IC_CaptureHalfCpltCallback
 .text.HAL_TIM_PWM_PulseFinishedCallback
                0x0800b18a       0x12 CMakeFiles/template.dir/Drivers/STM32F1xx_HAL_Driver/Src/stm32f1xx_hal_tim.c.obj
                0x0800b18a                HAL_TIM_PWM_PulseFinishedCallback
 .text.HAL_TIM_TriggerCallback
                0x0800b19c       0x12 CMakeFiles/template.dir/Drivers/STM32F1xx_HAL_Driver/Src/stm32f1xx_hal_tim.c.obj
                0x0800b19c                HAL_TIM_TriggerCallback
 .text.HAL_TIM_ErrorCallback
                0x0800b1ae       0x12 CMakeFiles/template.dir/Drivers/STM32F1xx_HAL_Driver/Src/stm32f1xx_hal_tim.c.obj
                0x0800b1ae                HAL_TIM_ErrorCallback
 .text.TIM_DMAError
                0x0800b1c0       0x92 CMakeFiles/template.dir/Drivers/STM32F1xx_HAL_Driver/Src/stm32f1xx_hal_tim.c.obj
                0x0800b1c0                TIM_DMAError
 .text.TIM_DMACaptureCplt
                0x0800b252       0xc8 CMakeFiles/template.dir/Drivers/STM32F1xx_HAL_Driver/Src/stm32f1xx_hal_tim.c.obj
                0x0800b252                TIM_DMACaptureCplt
 .text.TIM_DMACaptureHalfCplt
                0x0800b31a       0x68 CMakeFiles/template.dir/Drivers/STM32F1xx_HAL_Driver/Src/stm32f1xx_hal_tim.c.obj
                0x0800b31a                TIM_DMACaptureHalfCplt
 *fill*         0x0800b382        0x2 
 .text.TIM_Base_SetConfig
                0x0800b384       0xf4 CMakeFiles/template.dir/Drivers/STM32F1xx_HAL_Driver/Src/stm32f1xx_hal_tim.c.obj
                0x0800b384                TIM_Base_SetConfig
 .text.TIM_OC1_SetConfig
                0x0800b478       0xe0 CMakeFiles/template.dir/Drivers/STM32F1xx_HAL_Driver/Src/stm32f1xx_hal_tim.c.obj
 .text.TIM_OC2_SetConfig
                0x0800b558       0xe8 CMakeFiles/template.dir/Drivers/STM32F1xx_HAL_Driver/Src/stm32f1xx_hal_tim.c.obj
                0x0800b558                TIM_OC2_SetConfig
 .text.TIM_OC3_SetConfig
                0x0800b640       0xe8 CMakeFiles/template.dir/Drivers/STM32F1xx_HAL_Driver/Src/stm32f1xx_hal_tim.c.obj
 .text.TIM_OC4_SetConfig
                0x0800b728       0xa8 CMakeFiles/template.dir/Drivers/STM32F1xx_HAL_Driver/Src/stm32f1xx_hal_tim.c.obj
 .text.TIM_TI1_SetConfig
                0x0800b7d0       0xcc CMakeFiles/template.dir/Drivers/STM32F1xx_HAL_Driver/Src/stm32f1xx_hal_tim.c.obj
                0x0800b7d0                TIM_TI1_SetConfig
 .text.TIM_TI1_ConfigInputStage
                0x0800b89c       0x5c CMakeFiles/template.dir/Drivers/STM32F1xx_HAL_Driver/Src/stm32f1xx_hal_tim.c.obj
 .text.TIM_TI2_SetConfig
                0x0800b8f8       0x78 CMakeFiles/template.dir/Drivers/STM32F1xx_HAL_Driver/Src/stm32f1xx_hal_tim.c.obj
 .text.TIM_TI2_ConfigInputStage
                0x0800b970       0x5e CMakeFiles/template.dir/Drivers/STM32F1xx_HAL_Driver/Src/stm32f1xx_hal_tim.c.obj
 .text.TIM_TI3_SetConfig
                0x0800b9ce       0x76 CMakeFiles/template.dir/Drivers/STM32F1xx_HAL_Driver/Src/stm32f1xx_hal_tim.c.obj
 .text.TIM_TI4_SetConfig
                0x0800ba44       0x78 CMakeFiles/template.dir/Drivers/STM32F1xx_HAL_Driver/Src/stm32f1xx_hal_tim.c.obj
 .text.TIM_ITRx_SetConfig
                0x0800babc       0x34 CMakeFiles/template.dir/Drivers/STM32F1xx_HAL_Driver/Src/stm32f1xx_hal_tim.c.obj
 .text.TIM_ETR_SetConfig
                0x0800baf0       0x3e CMakeFiles/template.dir/Drivers/STM32F1xx_HAL_Driver/Src/stm32f1xx_hal_tim.c.obj
                0x0800baf0                TIM_ETR_SetConfig
 .text.TIM_CCxChannelCmd
                0x0800bb2e       0x48 CMakeFiles/template.dir/Drivers/STM32F1xx_HAL_Driver/Src/stm32f1xx_hal_tim.c.obj
                0x0800bb2e                TIM_CCxChannelCmd
 *fill*         0x0800bb76        0x2 
 .text.HAL_TIMEx_PWMN_Start
                0x0800bb78      0x158 CMakeFiles/template.dir/Drivers/STM32F1xx_HAL_Driver/Src/stm32f1xx_hal_tim_ex.c.obj
                0x0800bb78                HAL_TIMEx_PWMN_Start
 .text.HAL_TIMEx_MasterConfigSynchronization
                0x0800bcd0       0xd8 CMakeFiles/template.dir/Drivers/STM32F1xx_HAL_Driver/Src/stm32f1xx_hal_tim_ex.c.obj
                0x0800bcd0                HAL_TIMEx_MasterConfigSynchronization
 .text.HAL_TIMEx_ConfigBreakDeadTime
                0x0800bda8       0xa2 CMakeFiles/template.dir/Drivers/STM32F1xx_HAL_Driver/Src/stm32f1xx_hal_tim_ex.c.obj
                0x0800bda8                HAL_TIMEx_ConfigBreakDeadTime
 .text.HAL_TIMEx_CommutCallback
                0x0800be4a       0x12 CMakeFiles/template.dir/Drivers/STM32F1xx_HAL_Driver/Src/stm32f1xx_hal_tim_ex.c.obj
                0x0800be4a                HAL_TIMEx_CommutCallback
 .text.HAL_TIMEx_BreakCallback
                0x0800be5c       0x12 CMakeFiles/template.dir/Drivers/STM32F1xx_HAL_Driver/Src/stm32f1xx_hal_tim_ex.c.obj
                0x0800be5c                HAL_TIMEx_BreakCallback
 .text.TIM_CCxNChannelCmd
                0x0800be6e       0x48 CMakeFiles/template.dir/Drivers/STM32F1xx_HAL_Driver/Src/stm32f1xx_hal_tim_ex.c.obj
 .text.HAL_UART_Init
                0x0800beb6       0xa0 CMakeFiles/template.dir/Drivers/STM32F1xx_HAL_Driver/Src/stm32f1xx_hal_uart.c.obj
                0x0800beb6                HAL_UART_Init
 .text.HAL_UART_Transmit
                0x0800bf56      0x106 CMakeFiles/template.dir/Drivers/STM32F1xx_HAL_Driver/Src/stm32f1xx_hal_uart.c.obj
                0x0800bf56                HAL_UART_Transmit
 .text.HAL_UART_Receive_IT
                0x0800c05c       0x4a CMakeFiles/template.dir/Drivers/STM32F1xx_HAL_Driver/Src/stm32f1xx_hal_uart.c.obj
                0x0800c05c                HAL_UART_Receive_IT
 *fill*         0x0800c0a6        0x2 
 .text.HAL_UART_IRQHandler
                0x0800c0a8      0x524 CMakeFiles/template.dir/Drivers/STM32F1xx_HAL_Driver/Src/stm32f1xx_hal_uart.c.obj
                0x0800c0a8                HAL_UART_IRQHandler
 .text.HAL_UART_TxCpltCallback
                0x0800c5cc       0x12 CMakeFiles/template.dir/Drivers/STM32F1xx_HAL_Driver/Src/stm32f1xx_hal_uart.c.obj
                0x0800c5cc                HAL_UART_TxCpltCallback
 .text.HAL_UART_ErrorCallback
                0x0800c5de       0x12 CMakeFiles/template.dir/Drivers/STM32F1xx_HAL_Driver/Src/stm32f1xx_hal_uart.c.obj
                0x0800c5de                HAL_UART_ErrorCallback
 .text.HAL_UARTEx_RxEventCallback
                0x0800c5f0       0x16 CMakeFiles/template.dir/Drivers/STM32F1xx_HAL_Driver/Src/stm32f1xx_hal_uart.c.obj
                0x0800c5f0                HAL_UARTEx_RxEventCallback
 .text.HAL_UART_GetState
                0x0800c606       0x3a CMakeFiles/template.dir/Drivers/STM32F1xx_HAL_Driver/Src/stm32f1xx_hal_uart.c.obj
                0x0800c606                HAL_UART_GetState
 .text.UART_WaitOnFlagUntilTimeout
                0x0800c640       0xdc CMakeFiles/template.dir/Drivers/STM32F1xx_HAL_Driver/Src/stm32f1xx_hal_uart.c.obj
 .text.UART_Start_Receive_IT
                0x0800c71c       0x72 CMakeFiles/template.dir/Drivers/STM32F1xx_HAL_Driver/Src/stm32f1xx_hal_uart.c.obj
                0x0800c71c                UART_Start_Receive_IT
 .text.UART_EndRxTransfer
                0x0800c78e       0xc4 CMakeFiles/template.dir/Drivers/STM32F1xx_HAL_Driver/Src/stm32f1xx_hal_uart.c.obj
 .text.UART_DMAAbortOnError
                0x0800c852       0x28 CMakeFiles/template.dir/Drivers/STM32F1xx_HAL_Driver/Src/stm32f1xx_hal_uart.c.obj
 .text.UART_Transmit_IT
                0x0800c87a       0x9e CMakeFiles/template.dir/Drivers/STM32F1xx_HAL_Driver/Src/stm32f1xx_hal_uart.c.obj
 .text.UART_EndTransmit_IT
                0x0800c918       0x30 CMakeFiles/template.dir/Drivers/STM32F1xx_HAL_Driver/Src/stm32f1xx_hal_uart.c.obj
 .text.UART_Receive_IT
                0x0800c948      0x17c CMakeFiles/template.dir/Drivers/STM32F1xx_HAL_Driver/Src/stm32f1xx_hal_uart.c.obj
 .text.UART_SetConfig
                0x0800cac4      0x11c CMakeFiles/template.dir/Drivers/STM32F1xx_HAL_Driver/Src/stm32f1xx_hal_uart.c.obj
 .text.SystemInit
                0x0800cbe0        0xc CMakeFiles/template.dir/Core/Src/system_stm32f1xx.c.obj
                0x0800cbe0                SystemInit
 .text.USBD_Init
                0x0800cbec       0x56 CMakeFiles/template.dir/Middlewares/ST/STM32_USB_Device_Library/Core/Src/usbd_core.c.obj
                0x0800cbec                USBD_Init
 .text.USBD_RegisterClass
                0x0800cc42       0x32 CMakeFiles/template.dir/Middlewares/ST/STM32_USB_Device_Library/Core/Src/usbd_core.c.obj
                0x0800cc42                USBD_RegisterClass
 .text.USBD_Start
                0x0800cc74       0x18 CMakeFiles/template.dir/Middlewares/ST/STM32_USB_Device_Library/Core/Src/usbd_core.c.obj
                0x0800cc74                USBD_Start
 .text.USBD_RunTestMode
                0x0800cc8c       0x14 CMakeFiles/template.dir/Middlewares/ST/STM32_USB_Device_Library/Core/Src/usbd_core.c.obj
                0x0800cc8c                USBD_RunTestMode
 .text.USBD_SetClassConfig
                0x0800cca0       0x3e CMakeFiles/template.dir/Middlewares/ST/STM32_USB_Device_Library/Core/Src/usbd_core.c.obj
                0x0800cca0                USBD_SetClassConfig
 .text.USBD_ClrClassConfig
                0x0800ccde       0x26 CMakeFiles/template.dir/Middlewares/ST/STM32_USB_Device_Library/Core/Src/usbd_core.c.obj
                0x0800ccde                USBD_ClrClassConfig
 .text.USBD_LL_SetupStage
                0x0800cd04       0x9a CMakeFiles/template.dir/Middlewares/ST/STM32_USB_Device_Library/Core/Src/usbd_core.c.obj
                0x0800cd04                USBD_LL_SetupStage
 .text.USBD_LL_DataOutStage
                0x0800cd9e       0xe2 CMakeFiles/template.dir/Middlewares/ST/STM32_USB_Device_Library/Core/Src/usbd_core.c.obj
                0x0800cd9e                USBD_LL_DataOutStage
 .text.USBD_LL_DataInStage
                0x0800ce80      0x14a CMakeFiles/template.dir/Middlewares/ST/STM32_USB_Device_Library/Core/Src/usbd_core.c.obj
                0x0800ce80                USBD_LL_DataInStage
 .text.USBD_LL_Reset
                0x0800cfca       0x82 CMakeFiles/template.dir/Middlewares/ST/STM32_USB_Device_Library/Core/Src/usbd_core.c.obj
                0x0800cfca                USBD_LL_Reset
 .text.USBD_LL_SetSpeed
                0x0800d04c       0x1e CMakeFiles/template.dir/Middlewares/ST/STM32_USB_Device_Library/Core/Src/usbd_core.c.obj
                0x0800d04c                USBD_LL_SetSpeed
 .text.USBD_LL_Suspend
                0x0800d06a       0x28 CMakeFiles/template.dir/Middlewares/ST/STM32_USB_Device_Library/Core/Src/usbd_core.c.obj
                0x0800d06a                USBD_LL_Suspend
 .text.USBD_LL_Resume
                0x0800d092       0x2a CMakeFiles/template.dir/Middlewares/ST/STM32_USB_Device_Library/Core/Src/usbd_core.c.obj
                0x0800d092                USBD_LL_Resume
 .text.USBD_LL_SOF
                0x0800d0bc       0x34 CMakeFiles/template.dir/Middlewares/ST/STM32_USB_Device_Library/Core/Src/usbd_core.c.obj
                0x0800d0bc                USBD_LL_SOF
 .text.USBD_StdDevReq
                0x0800d0f0       0xd4 CMakeFiles/template.dir/Middlewares/ST/STM32_USB_Device_Library/Core/Src/usbd_ctlreq.c.obj
                0x0800d0f0                USBD_StdDevReq
 .text.USBD_StdItfReq
                0x0800d1c4       0x90 CMakeFiles/template.dir/Middlewares/ST/STM32_USB_Device_Library/Core/Src/usbd_ctlreq.c.obj
                0x0800d1c4                USBD_StdItfReq
 .text.USBD_StdEPReq
                0x0800d254      0x2c6 CMakeFiles/template.dir/Middlewares/ST/STM32_USB_Device_Library/Core/Src/usbd_ctlreq.c.obj
                0x0800d254                USBD_StdEPReq
 *fill*         0x0800d51a        0x2 
 .text.USBD_GetDescriptor
                0x0800d51c      0x2d0 CMakeFiles/template.dir/Middlewares/ST/STM32_USB_Device_Library/Core/Src/usbd_ctlreq.c.obj
 .text.USBD_SetAddress
                0x0800d7ec       0x86 CMakeFiles/template.dir/Middlewares/ST/STM32_USB_Device_Library/Core/Src/usbd_ctlreq.c.obj
 *fill*         0x0800d872        0x2 
 .text.USBD_SetConfig
                0x0800d874      0x11c CMakeFiles/template.dir/Middlewares/ST/STM32_USB_Device_Library/Core/Src/usbd_ctlreq.c.obj
 .text.USBD_GetConfig
                0x0800d990       0x6a CMakeFiles/template.dir/Middlewares/ST/STM32_USB_Device_Library/Core/Src/usbd_ctlreq.c.obj
 .text.USBD_GetStatus
                0x0800d9fa       0x66 CMakeFiles/template.dir/Middlewares/ST/STM32_USB_Device_Library/Core/Src/usbd_ctlreq.c.obj
 .text.USBD_SetFeature
                0x0800da60       0x28 CMakeFiles/template.dir/Middlewares/ST/STM32_USB_Device_Library/Core/Src/usbd_ctlreq.c.obj
 .text.USBD_ClrFeature
                0x0800da88       0x42 CMakeFiles/template.dir/Middlewares/ST/STM32_USB_Device_Library/Core/Src/usbd_ctlreq.c.obj
 .text.USBD_ParseSetupRequest
                0x0800daca       0x78 CMakeFiles/template.dir/Middlewares/ST/STM32_USB_Device_Library/Core/Src/usbd_ctlreq.c.obj
                0x0800daca                USBD_ParseSetupRequest
 .text.USBD_CtlError
                0x0800db42       0x22 CMakeFiles/template.dir/Middlewares/ST/STM32_USB_Device_Library/Core/Src/usbd_ctlreq.c.obj
                0x0800db42                USBD_CtlError
 .text.USBD_GetString
                0x0800db64       0x84 CMakeFiles/template.dir/Middlewares/ST/STM32_USB_Device_Library/Core/Src/usbd_ctlreq.c.obj
                0x0800db64                USBD_GetString
 .text.USBD_GetLen
                0x0800dbe8       0x2e CMakeFiles/template.dir/Middlewares/ST/STM32_USB_Device_Library/Core/Src/usbd_ctlreq.c.obj
 .text.USBD_CtlSendData
                0x0800dc16       0x38 CMakeFiles/template.dir/Middlewares/ST/STM32_USB_Device_Library/Core/Src/usbd_ioreq.c.obj
                0x0800dc16                USBD_CtlSendData
 .text.USBD_CtlContinueSendData
                0x0800dc4e       0x24 CMakeFiles/template.dir/Middlewares/ST/STM32_USB_Device_Library/Core/Src/usbd_ioreq.c.obj
                0x0800dc4e                USBD_CtlContinueSendData
 .text.USBD_CtlPrepareRx
                0x0800dc72       0x3c CMakeFiles/template.dir/Middlewares/ST/STM32_USB_Device_Library/Core/Src/usbd_ioreq.c.obj
                0x0800dc72                USBD_CtlPrepareRx
 .text.USBD_CtlContinueRx
                0x0800dcae       0x24 CMakeFiles/template.dir/Middlewares/ST/STM32_USB_Device_Library/Core/Src/usbd_ioreq.c.obj
                0x0800dcae                USBD_CtlContinueRx
 .text.USBD_CtlSendStatus
                0x0800dcd2       0x26 CMakeFiles/template.dir/Middlewares/ST/STM32_USB_Device_Library/Core/Src/usbd_ioreq.c.obj
                0x0800dcd2                USBD_CtlSendStatus
 .text.USBD_CtlReceiveStatus
                0x0800dcf8       0x26 CMakeFiles/template.dir/Middlewares/ST/STM32_USB_Device_Library/Core/Src/usbd_ioreq.c.obj
                0x0800dcf8                USBD_CtlReceiveStatus
 .text.USBD_CDC_Init
                0x0800dd1e       0xf4 CMakeFiles/template.dir/Middlewares/ST/STM32_USB_Device_Library/Class/CDC/Src/usbd_cdc.c.obj
 .text.USBD_CDC_DeInit
                0x0800de12       0x6e CMakeFiles/template.dir/Middlewares/ST/STM32_USB_Device_Library/Class/CDC/Src/usbd_cdc.c.obj
 .text.USBD_CDC_Setup
                0x0800de80      0x146 CMakeFiles/template.dir/Middlewares/ST/STM32_USB_Device_Library/Class/CDC/Src/usbd_cdc.c.obj
 .text.USBD_CDC_DataIn
                0x0800dfc6       0xa6 CMakeFiles/template.dir/Middlewares/ST/STM32_USB_Device_Library/Class/CDC/Src/usbd_cdc.c.obj
 .text.USBD_CDC_DataOut
                0x0800e06c       0x56 CMakeFiles/template.dir/Middlewares/ST/STM32_USB_Device_Library/Class/CDC/Src/usbd_cdc.c.obj
 .text.USBD_CDC_EP0_RxReady
                0x0800e0c2       0x50 CMakeFiles/template.dir/Middlewares/ST/STM32_USB_Device_Library/Class/CDC/Src/usbd_cdc.c.obj
 *fill*         0x0800e112        0x2 
 .text.USBD_CDC_GetFSCfgDesc
                0x0800e114       0x20 CMakeFiles/template.dir/Middlewares/ST/STM32_USB_Device_Library/Class/CDC/Src/usbd_cdc.c.obj
 .text.USBD_CDC_GetHSCfgDesc
                0x0800e134       0x20 CMakeFiles/template.dir/Middlewares/ST/STM32_USB_Device_Library/Class/CDC/Src/usbd_cdc.c.obj
 .text.USBD_CDC_GetOtherSpeedCfgDesc
                0x0800e154       0x20 CMakeFiles/template.dir/Middlewares/ST/STM32_USB_Device_Library/Class/CDC/Src/usbd_cdc.c.obj
 .text.USBD_CDC_GetDeviceQualifierDescriptor
                0x0800e174       0x20 CMakeFiles/template.dir/Middlewares/ST/STM32_USB_Device_Library/Class/CDC/Src/usbd_cdc.c.obj
                0x0800e174                USBD_CDC_GetDeviceQualifierDescriptor
 .text.USBD_CDC_RegisterInterface
                0x0800e194       0x2c CMakeFiles/template.dir/Middlewares/ST/STM32_USB_Device_Library/Class/CDC/Src/usbd_cdc.c.obj
                0x0800e194                USBD_CDC_RegisterInterface
 .text.USBD_CDC_SetTxBuffer
                0x0800e1c0       0x32 CMakeFiles/template.dir/Middlewares/ST/STM32_USB_Device_Library/Class/CDC/Src/usbd_cdc.c.obj
                0x0800e1c0                USBD_CDC_SetTxBuffer
 .text.USBD_CDC_SetRxBuffer
                0x0800e1f2       0x26 CMakeFiles/template.dir/Middlewares/ST/STM32_USB_Device_Library/Class/CDC/Src/usbd_cdc.c.obj
                0x0800e1f2                USBD_CDC_SetRxBuffer
 .text.USBD_CDC_ReceivePacket
                0x0800e218       0x54 CMakeFiles/template.dir/Middlewares/ST/STM32_USB_Device_Library/Class/CDC/Src/usbd_cdc.c.obj
                0x0800e218                USBD_CDC_ReceivePacket
 .text._sbrk    0x0800e26c       0x6c CMakeFiles/template.dir/Core/Src/sysmem.c.obj
                0x0800e26c                _sbrk
 .text._read    0x0800e2d8       0x3a CMakeFiles/template.dir/Core/Src/syscalls.c.obj
                0x0800e2d8                _read
 .text._write   0x0800e312       0x38 CMakeFiles/template.dir/Core/Src/syscalls.c.obj
                0x0800e312                _write
 .text._close   0x0800e34a       0x16 CMakeFiles/template.dir/Core/Src/syscalls.c.obj
                0x0800e34a                _close
 .text._fstat   0x0800e360       0x1e CMakeFiles/template.dir/Core/Src/syscalls.c.obj
                0x0800e360                _fstat
 .text._isatty  0x0800e37e       0x14 CMakeFiles/template.dir/Core/Src/syscalls.c.obj
                0x0800e37e                _isatty
 .text._lseek   0x0800e392       0x18 CMakeFiles/template.dir/Core/Src/syscalls.c.obj
                0x0800e392                _lseek
 *fill*         0x0800e3aa        0x2 
 .text.Reset_Handler
                0x0800e3ac       0x48 CMakeFiles/template.dir/startup_stm32f103xe.s.obj
                0x0800e3ac                Reset_Handler
 .text.Default_Handler
                0x0800e3f4        0x2 CMakeFiles/template.dir/startup_stm32f103xe.s.obj
                0x0800e3f4                RTC_Alarm_IRQHandler
                0x0800e3f4                EXTI2_IRQHandler
                0x0800e3f4                TIM8_TRG_COM_IRQHandler
                0x0800e3f4                TIM8_CC_IRQHandler
                0x0800e3f4                TIM1_CC_IRQHandler
                0x0800e3f4                TIM6_IRQHandler
                0x0800e3f4                PVD_IRQHandler
                0x0800e3f4                SDIO_IRQHandler
                0x0800e3f4                EXTI3_IRQHandler
                0x0800e3f4                EXTI0_IRQHandler
                0x0800e3f4                I2C2_EV_IRQHandler
                0x0800e3f4                ADC1_2_IRQHandler
                0x0800e3f4                SPI1_IRQHandler
                0x0800e3f4                TAMPER_IRQHandler
                0x0800e3f4                TIM8_UP_IRQHandler
                0x0800e3f4                DMA2_Channel2_IRQHandler
                0x0800e3f4                USART3_IRQHandler
                0x0800e3f4                DMA1_Channel7_IRQHandler
                0x0800e3f4                CAN1_RX1_IRQHandler
                0x0800e3f4                UART5_IRQHandler
                0x0800e3f4                ADC3_IRQHandler
                0x0800e3f4                DMA2_Channel1_IRQHandler
                0x0800e3f4                I2C1_EV_IRQHandler
                0x0800e3f4                DMA1_Channel6_IRQHandler
                0x0800e3f4                UART4_IRQHandler
                0x0800e3f4                TIM3_IRQHandler
                0x0800e3f4                TIM1_TRG_COM_IRQHandler
                0x0800e3f4                Default_Handler
                0x0800e3f4                EXTI15_10_IRQHandler
                0x0800e3f4                TIM7_IRQHandler
                0x0800e3f4                EXTI9_5_IRQHandler
                0x0800e3f4                SPI2_IRQHandler
                0x0800e3f4                USB_HP_CAN1_TX_IRQHandler
                0x0800e3f4                FSMC_IRQHandler
                0x0800e3f4                WWDG_IRQHandler
                0x0800e3f4                TIM2_IRQHandler
                0x0800e3f4                TIM1_BRK_IRQHandler
                0x0800e3f4                EXTI1_IRQHandler
                0x0800e3f4                I2C2_ER_IRQHandler
                0x0800e3f4                DMA1_Channel2_IRQHandler
                0x0800e3f4                TIM8_BRK_IRQHandler
                0x0800e3f4                CAN1_SCE_IRQHandler
                0x0800e3f4                FLASH_IRQHandler
                0x0800e3f4                USART1_IRQHandler
                0x0800e3f4                SPI3_IRQHandler
                0x0800e3f4                I2C1_ER_IRQHandler
                0x0800e3f4                USBWakeUp_IRQHandler
 *fill*         0x0800e3f6        0x2 
 .text.__errno  0x0800e3f8        0xc c:/progra~2/gnuarm~1/102021~1.10/bin/../lib/gcc/arm-none-eabi/10.3.1/../../../../arm-none-eabi/lib/thumb/v7-m/nofp\libg_nano.a(lib_a-errno.o)
                0x0800e3f8                __errno
 .text.printf   0x0800e404       0x30 c:/progra~2/gnuarm~1/102021~1.10/bin/../lib/gcc/arm-none-eabi/10.3.1/../../../../arm-none-eabi/lib/thumb/v7-m/nofp\libg_nano.a(lib_a-printf.o)
                0x0800e404                iprintf
                0x0800e404                printf
 .text.putchar  0x0800e434       0x28 c:/progra~2/gnuarm~1/102021~1.10/bin/../lib/gcc/arm-none-eabi/10.3.1/../../../../arm-none-eabi/lib/thumb/v7-m/nofp\libg_nano.a(lib_a-putchar.o)
                0x0800e434                putchar
 .text._puts_r  0x0800e45c       0xdc c:/progra~2/gnuarm~1/102021~1.10/bin/../lib/gcc/arm-none-eabi/10.3.1/../../../../arm-none-eabi/lib/thumb/v7-m/nofp\libg_nano.a(lib_a-puts.o)
                0x0800e45c                _puts_r
 .text.puts     0x0800e538       0x10 c:/progra~2/gnuarm~1/102021~1.10/bin/../lib/gcc/arm-none-eabi/10.3.1/../../../../arm-none-eabi/lib/thumb/v7-m/nofp\libg_nano.a(lib_a-puts.o)
                0x0800e538                puts
 .text.__swbuf_r
                0x0800e548       0xa4 c:/progra~2/gnuarm~1/102021~1.10/bin/../lib/gcc/arm-none-eabi/10.3.1/../../../../arm-none-eabi/lib/thumb/v7-m/nofp\libg_nano.a(lib_a-wbuf.o)
                0x0800e548                __swbuf_r
 .text.__swsetup_r
                0x0800e5ec       0xdc c:/progra~2/gnuarm~1/102021~1.10/bin/../lib/gcc/arm-none-eabi/10.3.1/../../../../arm-none-eabi/lib/thumb/v7-m/nofp\libg_nano.a(lib_a-wsetup.o)
                0x0800e5ec                __swsetup_r
 .text.__sflush_r
                0x0800e6c8      0x104 c:/progra~2/gnuarm~1/102021~1.10/bin/../lib/gcc/arm-none-eabi/10.3.1/../../../../arm-none-eabi/lib/thumb/v7-m/nofp\libg_nano.a(lib_a-fflush.o)
                0x0800e6c8                __sflush_r
 .text._fflush_r
                0x0800e7cc       0x78 c:/progra~2/gnuarm~1/102021~1.10/bin/../lib/gcc/arm-none-eabi/10.3.1/../../../../arm-none-eabi/lib/thumb/v7-m/nofp\libg_nano.a(lib_a-fflush.o)
                0x0800e7cc                _fflush_r
 .text.std      0x0800e844       0x48 c:/progra~2/gnuarm~1/102021~1.10/bin/../lib/gcc/arm-none-eabi/10.3.1/../../../../arm-none-eabi/lib/thumb/v7-m/nofp\libg_nano.a(lib_a-findfp.o)
 .text._cleanup_r
                0x0800e88c        0xc c:/progra~2/gnuarm~1/102021~1.10/bin/../lib/gcc/arm-none-eabi/10.3.1/../../../../arm-none-eabi/lib/thumb/v7-m/nofp\libg_nano.a(lib_a-findfp.o)
                0x0800e88c                _cleanup_r
 .text.__sfmoreglue
                0x0800e898       0x2c c:/progra~2/gnuarm~1/102021~1.10/bin/../lib/gcc/arm-none-eabi/10.3.1/../../../../arm-none-eabi/lib/thumb/v7-m/nofp\libg_nano.a(lib_a-findfp.o)
                0x0800e898                __sfmoreglue
 .text.__sfp_lock_acquire
                0x0800e8c4        0xc c:/progra~2/gnuarm~1/102021~1.10/bin/../lib/gcc/arm-none-eabi/10.3.1/../../../../arm-none-eabi/lib/thumb/v7-m/nofp\libg_nano.a(lib_a-findfp.o)
                0x0800e8c4                __sfp_lock_acquire
 .text.__sfp_lock_release
                0x0800e8d0        0xc c:/progra~2/gnuarm~1/102021~1.10/bin/../lib/gcc/arm-none-eabi/10.3.1/../../../../arm-none-eabi/lib/thumb/v7-m/nofp\libg_nano.a(lib_a-findfp.o)
                0x0800e8d0                __sfp_lock_release
 .text.__sinit_lock_acquire
                0x0800e8dc        0xc c:/progra~2/gnuarm~1/102021~1.10/bin/../lib/gcc/arm-none-eabi/10.3.1/../../../../arm-none-eabi/lib/thumb/v7-m/nofp\libg_nano.a(lib_a-findfp.o)
                0x0800e8dc                __sinit_lock_acquire
 .text.__sinit_lock_release
                0x0800e8e8        0xc c:/progra~2/gnuarm~1/102021~1.10/bin/../lib/gcc/arm-none-eabi/10.3.1/../../../../arm-none-eabi/lib/thumb/v7-m/nofp\libg_nano.a(lib_a-findfp.o)
                0x0800e8e8                __sinit_lock_release
 .text.__sinit  0x0800e8f4       0x70 c:/progra~2/gnuarm~1/102021~1.10/bin/../lib/gcc/arm-none-eabi/10.3.1/../../../../arm-none-eabi/lib/thumb/v7-m/nofp\libg_nano.a(lib_a-findfp.o)
                0x0800e8f4                __sinit
 .text.__sfp    0x0800e964       0x8c c:/progra~2/gnuarm~1/102021~1.10/bin/../lib/gcc/arm-none-eabi/10.3.1/../../../../arm-none-eabi/lib/thumb/v7-m/nofp\libg_nano.a(lib_a-findfp.o)
                0x0800e964                __sfp
 .text._fwalk_reent
                0x0800e9f0       0x3e c:/progra~2/gnuarm~1/102021~1.10/bin/../lib/gcc/arm-none-eabi/10.3.1/../../../../arm-none-eabi/lib/thumb/v7-m/nofp\libg_nano.a(lib_a-fwalk.o)
                0x0800e9f0                _fwalk_reent
 .text.__retarget_lock_init_recursive
                0x0800ea2e        0x2 c:/progra~2/gnuarm~1/102021~1.10/bin/../lib/gcc/arm-none-eabi/10.3.1/../../../../arm-none-eabi/lib/thumb/v7-m/nofp\libg_nano.a(lib_a-lock.o)
                0x0800ea2e                __retarget_lock_init_recursive
 .text.__retarget_lock_acquire_recursive
                0x0800ea30        0x2 c:/progra~2/gnuarm~1/102021~1.10/bin/../lib/gcc/arm-none-eabi/10.3.1/../../../../arm-none-eabi/lib/thumb/v7-m/nofp\libg_nano.a(lib_a-lock.o)
                0x0800ea30                __retarget_lock_acquire_recursive
 .text.__retarget_lock_release_recursive
                0x0800ea32        0x2 c:/progra~2/gnuarm~1/102021~1.10/bin/../lib/gcc/arm-none-eabi/10.3.1/../../../../arm-none-eabi/lib/thumb/v7-m/nofp\libg_nano.a(lib_a-lock.o)
                0x0800ea32                __retarget_lock_release_recursive
 .text.__swhatbuf_r
                0x0800ea34       0x4a c:/progra~2/gnuarm~1/102021~1.10/bin/../lib/gcc/arm-none-eabi/10.3.1/../../../../arm-none-eabi/lib/thumb/v7-m/nofp\libg_nano.a(lib_a-makebuf.o)
                0x0800ea34                __swhatbuf_r
 *fill*         0x0800ea7e        0x2 
 .text.__smakebuf_r
                0x0800ea80       0x80 c:/progra~2/gnuarm~1/102021~1.10/bin/../lib/gcc/arm-none-eabi/10.3.1/../../../../arm-none-eabi/lib/thumb/v7-m/nofp\libg_nano.a(lib_a-makebuf.o)
                0x0800ea80                __smakebuf_r
 .text._free_r  0x0800eb00       0x90 c:/progra~2/gnuarm~1/102021~1.10/bin/../lib/gcc/arm-none-eabi/10.3.1/../../../../arm-none-eabi/lib/thumb/v7-m/nofp\libg_nano.a(lib_a-nano-freer.o)
                0x0800eb00                _free_r
 .text.sbrk_aligned
                0x0800eb90       0x40 c:/progra~2/gnuarm~1/102021~1.10/bin/../lib/gcc/arm-none-eabi/10.3.1/../../../../arm-none-eabi/lib/thumb/v7-m/nofp\libg_nano.a(lib_a-nano-mallocr.o)
 .text._malloc_r
                0x0800ebd0       0xe8 c:/progra~2/gnuarm~1/102021~1.10/bin/../lib/gcc/arm-none-eabi/10.3.1/../../../../arm-none-eabi/lib/thumb/v7-m/nofp\libg_nano.a(lib_a-nano-mallocr.o)
                0x0800ebd0                _malloc_r
 .text.__sfputc_r
                0x0800ecb8       0x2a c:/progra~2/gnuarm~1/102021~1.10/bin/../lib/gcc/arm-none-eabi/10.3.1/../../../../arm-none-eabi/lib/thumb/v7-m/nofp\libg_nano.a(lib_a-nano-vfprintf.o)
 .text.__sfputs_r
                0x0800ece2       0x24 c:/progra~2/gnuarm~1/102021~1.10/bin/../lib/gcc/arm-none-eabi/10.3.1/../../../../arm-none-eabi/lib/thumb/v7-m/nofp\libg_nano.a(lib_a-nano-vfprintf.o)
                0x0800ece2                __sfputs_r
 *fill*         0x0800ed06        0x2 
 .text._vfprintf_r
                0x0800ed08      0x260 c:/progra~2/gnuarm~1/102021~1.10/bin/../lib/gcc/arm-none-eabi/10.3.1/../../../../arm-none-eabi/lib/thumb/v7-m/nofp\libg_nano.a(lib_a-nano-vfprintf.o)
                0x0800ed08                _vfprintf_r
                0x0800ed08                _vfiprintf_r
 .text._printf_common
                0x0800ef68       0xde c:/progra~2/gnuarm~1/102021~1.10/bin/../lib/gcc/arm-none-eabi/10.3.1/../../../../arm-none-eabi/lib/thumb/v7-m/nofp\libg_nano.a(lib_a-nano-vfprintf_i.o)
                0x0800ef68                _printf_common
 *fill*         0x0800f046        0x2 
 .text._printf_i
                0x0800f048      0x24c c:/progra~2/gnuarm~1/102021~1.10/bin/../lib/gcc/arm-none-eabi/10.3.1/../../../../arm-none-eabi/lib/thumb/v7-m/nofp\libg_nano.a(lib_a-nano-vfprintf_i.o)
                0x0800f048                _printf_i
 .text._putc_r  0x0800f294       0x90 c:/progra~2/gnuarm~1/102021~1.10/bin/../lib/gcc/arm-none-eabi/10.3.1/../../../../arm-none-eabi/lib/thumb/v7-m/nofp\libg_nano.a(lib_a-putc.o)
                0x0800f294                _putc_r
 .text._sbrk_r  0x0800f324       0x20 c:/progra~2/gnuarm~1/102021~1.10/bin/../lib/gcc/arm-none-eabi/10.3.1/../../../../arm-none-eabi/lib/thumb/v7-m/nofp\libg_nano.a(lib_a-sbrkr.o)
                0x0800f324                _sbrk_r
 .text.__sread  0x0800f344       0x22 c:/progra~2/gnuarm~1/102021~1.10/bin/../lib/gcc/arm-none-eabi/10.3.1/../../../../arm-none-eabi/lib/thumb/v7-m/nofp\libg_nano.a(lib_a-stdio.o)
                0x0800f344                __sread
 .text.__swrite
                0x0800f366       0x38 c:/progra~2/gnuarm~1/102021~1.10/bin/../lib/gcc/arm-none-eabi/10.3.1/../../../../arm-none-eabi/lib/thumb/v7-m/nofp\libg_nano.a(lib_a-stdio.o)
                0x0800f366                __swrite
 .text.__sseek  0x0800f39e       0x24 c:/progra~2/gnuarm~1/102021~1.10/bin/../lib/gcc/arm-none-eabi/10.3.1/../../../../arm-none-eabi/lib/thumb/v7-m/nofp\libg_nano.a(lib_a-stdio.o)
                0x0800f39e                __sseek
 .text.__sclose
                0x0800f3c2        0x8 c:/progra~2/gnuarm~1/102021~1.10/bin/../lib/gcc/arm-none-eabi/10.3.1/../../../../arm-none-eabi/lib/thumb/v7-m/nofp\libg_nano.a(lib_a-stdio.o)
                0x0800f3c2                __sclose
 *fill*         0x0800f3ca        0x2 
 .text._write_r
                0x0800f3cc       0x24 c:/progra~2/gnuarm~1/102021~1.10/bin/../lib/gcc/arm-none-eabi/10.3.1/../../../../arm-none-eabi/lib/thumb/v7-m/nofp\libg_nano.a(lib_a-writer.o)
                0x0800f3cc                _write_r
 .text._close_r
                0x0800f3f0       0x20 c:/progra~2/gnuarm~1/102021~1.10/bin/../lib/gcc/arm-none-eabi/10.3.1/../../../../arm-none-eabi/lib/thumb/v7-m/nofp\libg_nano.a(lib_a-closer.o)
                0x0800f3f0                _close_r
 .text._fstat_r
                0x0800f410       0x24 c:/progra~2/gnuarm~1/102021~1.10/bin/../lib/gcc/arm-none-eabi/10.3.1/../../../../arm-none-eabi/lib/thumb/v7-m/nofp\libg_nano.a(lib_a-fstatr.o)
                0x0800f410                _fstat_r
 .text._isatty_r
                0x0800f434       0x20 c:/progra~2/gnuarm~1/102021~1.10/bin/../lib/gcc/arm-none-eabi/10.3.1/../../../../arm-none-eabi/lib/thumb/v7-m/nofp\libg_nano.a(lib_a-isattyr.o)
                0x0800f434                _isatty_r
 .text._lseek_r
                0x0800f454       0x24 c:/progra~2/gnuarm~1/102021~1.10/bin/../lib/gcc/arm-none-eabi/10.3.1/../../../../arm-none-eabi/lib/thumb/v7-m/nofp\libg_nano.a(lib_a-lseekr.o)
                0x0800f454                _lseek_r
 .text.memchr   0x0800f478       0x1c c:/progra~2/gnuarm~1/102021~1.10/bin/../lib/gcc/arm-none-eabi/10.3.1/../../../../arm-none-eabi/lib/thumb/v7-m/nofp\libg_nano.a(lib_a-memchr-stub.o)
                0x0800f478                memchr
 .text.__malloc_lock
                0x0800f494        0xc c:/progra~2/gnuarm~1/102021~1.10/bin/../lib/gcc/arm-none-eabi/10.3.1/../../../../arm-none-eabi/lib/thumb/v7-m/nofp\libg_nano.a(lib_a-mlock.o)
                0x0800f494                __malloc_lock
 .text.__malloc_unlock
                0x0800f4a0        0xc c:/progra~2/gnuarm~1/102021~1.10/bin/../lib/gcc/arm-none-eabi/10.3.1/../../../../arm-none-eabi/lib/thumb/v7-m/nofp\libg_nano.a(lib_a-mlock.o)
                0x0800f4a0                __malloc_unlock
 .text._read_r  0x0800f4ac       0x24 c:/progra~2/gnuarm~1/102021~1.10/bin/../lib/gcc/arm-none-eabi/10.3.1/../../../../arm-none-eabi/lib/thumb/v7-m/nofp\libg_nano.a(lib_a-readr.o)
                0x0800f4ac                _read_r
 *(.glue_7)
 .glue_7        0x0800f4d0        0x0 linker stubs
 *(.glue_7t)
 .glue_7t       0x0800f4d0        0x0 linker stubs
 *(.eh_frame)
 .eh_frame      0x0800f4d0        0x0 c:/progra~2/gnuarm~1/102021~1.10/bin/../lib/gcc/arm-none-eabi/10.3.1/thumb/v7-m/nofp/crtbegin.o
 *(.init)
 .init          0x0800f4d0        0x4 c:/progra~2/gnuarm~1/102021~1.10/bin/../lib/gcc/arm-none-eabi/10.3.1/thumb/v7-m/nofp/crti.o
                0x0800f4d0                _init
 .init          0x0800f4d4        0x8 c:/progra~2/gnuarm~1/102021~1.10/bin/../lib/gcc/arm-none-eabi/10.3.1/thumb/v7-m/nofp/crtn.o
 *(.fini)
 .fini          0x0800f4dc        0x4 c:/progra~2/gnuarm~1/102021~1.10/bin/../lib/gcc/arm-none-eabi/10.3.1/thumb/v7-m/nofp/crti.o
                0x0800f4dc                _fini
 .fini          0x0800f4e0        0x8 c:/progra~2/gnuarm~1/102021~1.10/bin/../lib/gcc/arm-none-eabi/10.3.1/thumb/v7-m/nofp/crtn.o
                0x0800f4e8                . = ALIGN (0x4)
                0x0800f4e8                _etext = .

.vfp11_veneer   0x0800f4e8        0x0
 .vfp11_veneer  0x0800f4e8        0x0 linker stubs

.v4_bx          0x0800f4e8        0x0
 .v4_bx         0x0800f4e8        0x0 linker stubs

.iplt           0x0800f4e8        0x0
 .iplt          0x0800f4e8        0x0 c:/progra~2/gnuarm~1/102021~1.10/bin/../lib/gcc/arm-none-eabi/10.3.1/thumb/v7-m/nofp/crtbegin.o

.rodata         0x0800f4e8      0x704
                0x0800f4e8                . = ALIGN (0x4)
 *(.rodata)
 .rodata        0x0800f4e8       0x2a CMakeFiles/template.dir/Core/Src/main.c.obj
 *fill*         0x0800f512        0x2 
 .rodata        0x0800f514       0x2d CMakeFiles/template.dir/Core/Src/adc.c.obj
 *fill*         0x0800f541        0x3 
 .rodata        0x0800f544       0x5b CMakeFiles/template.dir/Core/Src/tim.c.obj
 *fill*         0x0800f59f        0x1 
 .rodata        0x0800f5a0      0x52a CMakeFiles/template.dir/Core/Src/usart.c.obj
 *fill*         0x0800faca        0x2 
 .rodata        0x0800facc       0x46 CMakeFiles/template.dir/USB_DEVICE/App/usbd_desc.c.obj
 *(.rodata*)
 *fill*         0x0800fb12        0x2 
 .rodata._global_impure_ptr
                0x0800fb14        0x4 c:/progra~2/gnuarm~1/102021~1.10/bin/../lib/gcc/arm-none-eabi/10.3.1/../../../../arm-none-eabi/lib/thumb/v7-m/nofp\libc_nano.a(lib_a-impure.o)
                0x0800fb14                _global_impure_ptr
 .rodata.aPLLMULFactorTable.1
                0x0800fb18       0x10 CMakeFiles/template.dir/Drivers/STM32F1xx_HAL_Driver/Src/stm32f1xx_hal_rcc.c.obj
 .rodata.aPredivFactorTable.0
                0x0800fb28        0x2 CMakeFiles/template.dir/Drivers/STM32F1xx_HAL_Driver/Src/stm32f1xx_hal_rcc.c.obj
 *fill*         0x0800fb2a        0x2 
 .rodata.aPLLMULFactorTable.1
                0x0800fb2c       0x10 CMakeFiles/template.dir/Drivers/STM32F1xx_HAL_Driver/Src/stm32f1xx_hal_rcc_ex.c.obj
 .rodata.aPredivFactorTable.0
                0x0800fb3c        0x2 CMakeFiles/template.dir/Drivers/STM32F1xx_HAL_Driver/Src/stm32f1xx_hal_rcc_ex.c.obj
 *fill*         0x0800fb3e        0x2 
 .rodata.AHBPrescTable
                0x0800fb40       0x10 CMakeFiles/template.dir/Core/Src/system_stm32f1xx.c.obj
                0x0800fb40                AHBPrescTable
 .rodata.APBPrescTable
                0x0800fb50        0x8 CMakeFiles/template.dir/Core/Src/system_stm32f1xx.c.obj
                0x0800fb50                APBPrescTable
 .rodata.__sf_fake_stderr
                0x0800fb58       0x20 c:/progra~2/gnuarm~1/102021~1.10/bin/../lib/gcc/arm-none-eabi/10.3.1/../../../../arm-none-eabi/lib/thumb/v7-m/nofp\libg_nano.a(lib_a-findfp.o)
                0x0800fb58                __sf_fake_stderr
 .rodata.__sf_fake_stdin
                0x0800fb78       0x20 c:/progra~2/gnuarm~1/102021~1.10/bin/../lib/gcc/arm-none-eabi/10.3.1/../../../../arm-none-eabi/lib/thumb/v7-m/nofp\libg_nano.a(lib_a-findfp.o)
                0x0800fb78                __sf_fake_stdin
 .rodata.__sf_fake_stdout
                0x0800fb98       0x20 c:/progra~2/gnuarm~1/102021~1.10/bin/../lib/gcc/arm-none-eabi/10.3.1/../../../../arm-none-eabi/lib/thumb/v7-m/nofp\libg_nano.a(lib_a-findfp.o)
                0x0800fb98                __sf_fake_stdout
 .rodata._vfprintf_r.str1.1
                0x0800fbb8       0x11 c:/progra~2/gnuarm~1/102021~1.10/bin/../lib/gcc/arm-none-eabi/10.3.1/../../../../arm-none-eabi/lib/thumb/v7-m/nofp\libg_nano.a(lib_a-nano-vfprintf.o)
 .rodata._printf_i.str1.1
                0x0800fbc9       0x22 c:/progra~2/gnuarm~1/102021~1.10/bin/../lib/gcc/arm-none-eabi/10.3.1/../../../../arm-none-eabi/lib/thumb/v7-m/nofp\libg_nano.a(lib_a-nano-vfprintf_i.o)
                0x0800fbec                . = ALIGN (0x4)
 *fill*         0x0800fbeb        0x1 

.rel.dyn        0x0800fbec        0x0
 .rel.iplt      0x0800fbec        0x0 c:/progra~2/gnuarm~1/102021~1.10/bin/../lib/gcc/arm-none-eabi/10.3.1/thumb/v7-m/nofp/crtbegin.o

.ARM.extab
 *(.ARM.extab* .gnu.linkonce.armextab.*)

.ARM            0x0800fbec        0x0
                0x0800fbec                __exidx_start = .
 *(.ARM.exidx*)
                0x0800fbec                __exidx_end = .

.preinit_array  0x0800fbec        0x0
                0x0800fbec                PROVIDE (__preinit_array_start = .)
 *(.preinit_array*)
                0x0800fbec                PROVIDE (__preinit_array_end = .)

.init_array     0x0800fbec        0x4
                0x0800fbec                PROVIDE (__init_array_start = .)
 *(SORT_BY_NAME(.init_array.*))
 *(.init_array*)
 .init_array    0x0800fbec        0x4 c:/progra~2/gnuarm~1/102021~1.10/bin/../lib/gcc/arm-none-eabi/10.3.1/thumb/v7-m/nofp/crtbegin.o
                0x0800fbf0                PROVIDE (__init_array_end = .)

.fini_array     0x0800fbf0        0x4
                [!provide]                PROVIDE (__fini_array_start = .)
 *(SORT_BY_NAME(.fini_array.*))
 *(.fini_array*)
 .fini_array    0x0800fbf0        0x4 c:/progra~2/gnuarm~1/102021~1.10/bin/../lib/gcc/arm-none-eabi/10.3.1/thumb/v7-m/nofp/crtbegin.o
                [!provide]                PROVIDE (__fini_array_end = .)
                0x0800fbf4                _sidata = LOADADDR (.data)

.data           0x20000000      0x260 load address 0x0800fbf4
                0x20000000                . = ALIGN (0x4)
                0x20000000                _sdata = .
 *(.data)
 *(.data*)
 .data._impure_ptr
                0x20000000        0x4 c:/progra~2/gnuarm~1/102021~1.10/bin/../lib/gcc/arm-none-eabi/10.3.1/../../../../arm-none-eabi/lib/thumb/v7-m/nofp\libc_nano.a(lib_a-impure.o)
                0x20000000                _impure_ptr
 .data.impure_data
                0x20000004       0x60 c:/progra~2/gnuarm~1/102021~1.10/bin/../lib/gcc/arm-none-eabi/10.3.1/../../../../arm-none-eabi/lib/thumb/v7-m/nofp\libc_nano.a(lib_a-impure.o)
 .data.Average12bit_32
                0x20000064       0x40 CMakeFiles/template.dir/Core/Src/dac.c.obj
                0x20000064                Average12bit_32
 .data.Averagemax12bit_32
                0x200000a4       0x40 CMakeFiles/template.dir/Core/Src/dac.c.obj
                0x200000a4                Averagemax12bit_32
 .data.FS_Desc  0x200000e4       0x1c CMakeFiles/template.dir/USB_DEVICE/App/usbd_desc.c.obj
                0x200000e4                FS_Desc
 .data.USBD_FS_DeviceDesc
                0x20000100       0x12 CMakeFiles/template.dir/USB_DEVICE/App/usbd_desc.c.obj
                0x20000100                USBD_FS_DeviceDesc
 *fill*         0x20000112        0x2 
 .data.USBD_LangIDDesc
                0x20000114        0x4 CMakeFiles/template.dir/USB_DEVICE/App/usbd_desc.c.obj
                0x20000114                USBD_LangIDDesc
 .data.USBD_StringSerial
                0x20000118       0x1a CMakeFiles/template.dir/USB_DEVICE/App/usbd_desc.c.obj
                0x20000118                USBD_StringSerial
 *fill*         0x20000132        0x2 
 .data.USBD_Interface_fops_FS
                0x20000134       0x10 CMakeFiles/template.dir/USB_DEVICE/App/usbd_cdc_if.c.obj
                0x20000134                USBD_Interface_fops_FS
 .data.uwTickPrio
                0x20000144        0x4 CMakeFiles/template.dir/Drivers/STM32F1xx_HAL_Driver/Src/stm32f1xx_hal.c.obj
                0x20000144                uwTickPrio
 .data.uwTickFreq
                0x20000148        0x1 CMakeFiles/template.dir/Drivers/STM32F1xx_HAL_Driver/Src/stm32f1xx_hal.c.obj
                0x20000148                uwTickFreq
 *fill*         0x20000149        0x3 
 .data.SystemCoreClock
                0x2000014c        0x4 CMakeFiles/template.dir/Core/Src/system_stm32f1xx.c.obj
                0x2000014c                SystemCoreClock
 .data.USBD_CDC_DeviceQualifierDesc
                0x20000150        0xa CMakeFiles/template.dir/Middlewares/ST/STM32_USB_Device_Library/Class/CDC/Src/usbd_cdc.c.obj
 *fill*         0x2000015a        0x2 
 .data.USBD_CDC
                0x2000015c       0x38 CMakeFiles/template.dir/Middlewares/ST/STM32_USB_Device_Library/Class/CDC/Src/usbd_cdc.c.obj
                0x2000015c                USBD_CDC
 .data.USBD_CDC_CfgHSDesc
                0x20000194       0x43 CMakeFiles/template.dir/Middlewares/ST/STM32_USB_Device_Library/Class/CDC/Src/usbd_cdc.c.obj